Archive member included because of file (symbol)

.pioenvs/sonoff-DE/libFrameworkArduino.a(core_esp8266_main.cpp.o)
                              (app_entry)
.pioenvs/sonoff-DE/libFrameworkArduino.a(core_esp8266_postmortem.c.o)
                              .pioenvs/sonoff-DE/libFrameworkArduino.a(core_esp8266_main.cpp.o) (__panic_func)
.pioenvs/sonoff-DE/libFrameworkArduino.a(core_esp8266_wiring.c.o)
                              .pioenvs/sonoff-DE/libFrameworkArduino.a(core_esp8266_postmortem.c.o) (delayMicroseconds)
.pioenvs/sonoff-DE/libFrameworkArduino.a(gdb_hooks.c.o)
                              .pioenvs/sonoff-DE/libFrameworkArduino.a(core_esp8266_main.cpp.o) (gdb_init)
.pioenvs/sonoff-DE/libFrameworkArduino.a(heap.c.o)
                              .pioenvs/sonoff-DE/libFrameworkArduino.a(core_esp8266_postmortem.c.o) (umm_last_fail_alloc_addr)
.pioenvs/sonoff-DE/libFrameworkArduino.a(umm_malloc.c.o)
                              .pioenvs/sonoff-DE/libFrameworkArduino.a(heap.c.o) (umm_info)
.pioenvs/sonoff-DE/libFrameworkArduino.a(Schedule.cpp.o)
                              .pioenvs/sonoff-DE/libFrameworkArduino.a(core_esp8266_main.cpp.o) (_Z23run_scheduled_functionsv)
.pioenvs/sonoff-DE/libFrameworkArduino.a(abi.cpp.o)
                              .pioenvs/sonoff-DE/libFrameworkArduino.a(Schedule.cpp.o) (_Znwj)
.pioenvs/sonoff-DE/libFrameworkArduino.a(cont.S.o)
                              .pioenvs/sonoff-DE/libFrameworkArduino.a(core_esp8266_main.cpp.o) (cont_yield)
.pioenvs/sonoff-DE/libFrameworkArduino.a(cont_util.c.o)
                              .pioenvs/sonoff-DE/libFrameworkArduino.a(core_esp8266_main.cpp.o) (cont_init)
/Users/gerhardmutz1/.platformio/packages/framework-arduinoespressif8266/tools/sdk/lib/libmain.a(app_main.o)
                              .pioenvs/sonoff-DE/libFrameworkArduino.a(core_esp8266_main.cpp.o) (uart_div_modify)
/Users/gerhardmutz1/.platformio/packages/framework-arduinoespressif8266/tools/sdk/lib/libmain.a(ets_timer.o)
                              .pioenvs/sonoff-DE/libFrameworkArduino.a(core_esp8266_wiring.c.o) (ets_timer_setfn)
/Users/gerhardmutz1/.platformio/packages/framework-arduinoespressif8266/tools/sdk/lib/libmain.a(user_interface.o)
                              /Users/gerhardmutz1/.platformio/packages/framework-arduinoespressif8266/tools/sdk/lib/libmain.a(app_main.o) (done_cb)
/Users/gerhardmutz1/.platformio/packages/framework-arduinoespressif8266/tools/sdk/lib/libmain.a(debug-vector.o)
                              (_DebugExceptionVector)
/Users/gerhardmutz1/.platformio/packages/framework-arduinoespressif8266/tools/sdk/lib/libmain.a(double-vector.o)
                              (_DoubleExceptionVector)
/Users/gerhardmutz1/.platformio/packages/framework-arduinoespressif8266/tools/sdk/lib/libmain.a(kernel-vector.o)
                              (_KernelExceptionVector)
/Users/gerhardmutz1/.platformio/packages/framework-arduinoespressif8266/tools/sdk/lib/libmain.a(nmi-vector.o)
                              (_NMIExceptionVector)
/Users/gerhardmutz1/.platformio/packages/framework-arduinoespressif8266/tools/sdk/lib/libmain.a(user-vector.o)
                              (_UserExceptionVector)
/Users/gerhardmutz1/.platformio/packages/framework-arduinoespressif8266/tools/sdk/lib/libmain.a(vector.o)
                              .pioenvs/sonoff-DE/libFrameworkArduino.a(core_esp8266_main.cpp.o) (call_user_start)
/Users/gerhardmutz1/.platformio/packages/framework-arduinoespressif8266/tools/sdk/lib/libmain.a(spi_flash.o)
                              /Users/gerhardmutz1/.platformio/packages/framework-arduinoespressif8266/tools/sdk/lib/libmain.a(user_interface.o) (spi_flash_erase_sector)
/Users/gerhardmutz1/.platformio/packages/framework-arduinoespressif8266/tools/sdk/lib/libmain.a(eagle_lib.o)
                              /Users/gerhardmutz1/.platformio/packages/framework-arduinoespressif8266/tools/sdk/lib/libmain.a(user_interface.o) (ets_sprintf)
/Users/gerhardmutz1/.platformio/packages/framework-arduinoespressif8266/tools/sdk/lib/libmain.a(eagle_lwip_if.o)
                              /Users/gerhardmutz1/.platformio/packages/framework-arduinoespressif8266/tools/sdk/lib/libmain.a(user_interface.o) (wifi_station_hostname)
/Users/gerhardmutz1/.platformio/packages/framework-arduinoespressif8266/tools/sdk/libc/xtensa-lx106-elf/lib/libc.a(lib_a-memcpy.o)
                              .pioenvs/sonoff-DE/libFrameworkArduino.a(core_esp8266_main.cpp.o) (memcpy)
/Users/gerhardmutz1/.platformio/packages/framework-arduinoespressif8266/tools/sdk/libc/xtensa-lx106-elf/lib/libc.a(lib_a-memmove.o)
                              .pioenvs/sonoff-DE/libFrameworkArduino.a(umm_malloc.c.o) (memmove)
/Users/gerhardmutz1/.platformio/packages/framework-arduinoespressif8266/tools/sdk/libc/xtensa-lx106-elf/lib/libc.a(lib_a-memset.o)
                              .pioenvs/sonoff-DE/src/core_esp8266_wiring_pwm.c.o (memset)
[...]
Memory Configuration

Name             Origin             Length             Attributes
dport0_0_seg     0x000000003ff00000 0x0000000000000010
dram0_0_seg      0x000000003ffe8000 0x0000000000014000
iram1_0_seg      0x0000000040100000 0x0000000000008000
irom0_0_seg      0x0000000040201010 0x00000000000f9ff0
*default*        0x0000000000000000 0xffffffffffffffff

Linker script and memory map

                0x00000000402fb000                PROVIDE (_SPIFFS_start, 0x402fb000)
                0x00000000402fb000                PROVIDE (_SPIFFS_end, 0x402fb000)
                0x0000000000000000                PROVIDE (_SPIFFS_page, 0x0)
                0x0000000000000000                PROVIDE (_SPIFFS_block, 0x0)
                0x0000000040000000                PROVIDE (_memmap_vecbase_reset, 0x40000000)
                0x0000000000000110                _memmap_cacheattr_wb_base = 0x110
                0x0000000000000110                _memmap_cacheattr_wt_base = 0x110
                0x0000000000000220                _memmap_cacheattr_bp_base = 0x220
                0x00000000fffff00f                _memmap_cacheattr_unused_mask = 0xfffff00f
                0x000000002222211f                _memmap_cacheattr_wb_trapnull = 0x2222211f
                0x000000002222211f                _memmap_cacheattr_wba_trapnull = 0x2222211f
                0x000000002222211f                _memmap_cacheattr_wbna_trapnull = 0x2222211f
                0x000000002222211f                _memmap_cacheattr_wt_trapnull = 0x2222211f
                0x000000002222222f                _memmap_cacheattr_bp_trapnull = 0x2222222f
                0x00000000fffff11f                _memmap_cacheattr_wb_strict = 0xfffff11f
                0x00000000fffff11f                _memmap_cacheattr_wt_strict = 0xfffff11f
                0x00000000fffff22f                _memmap_cacheattr_bp_strict = 0xfffff22f
                0x0000000022222112                _memmap_cacheattr_wb_allvalid = 0x22222112
                0x0000000022222112                _memmap_cacheattr_wt_allvalid = 0x22222112
                0x0000000022222222                _memmap_cacheattr_bp_allvalid = 0x22222222
                0x000000002222211f                PROVIDE (_memmap_cacheattr_reset, _memmap_cacheattr_wb_trapnull)

.dport0.rodata  0x000000003ff00000        0x0
                0x000000003ff00000                _dport0_rodata_start = ABSOLUTE (.)
 *(.dport0.rodata)
 *(.dport.rodata)
                0x000000003ff00000                _dport0_rodata_end = ABSOLUTE (.)

.dport0.literal
                0x000000003ff00000        0x0
                0x000000003ff00000                _dport0_literal_start = ABSOLUTE (.)
 *(.dport0.literal)
 *(.dport.literal)
                0x000000003ff00000                _dport0_literal_end = ABSOLUTE (.)

.dport0.data    0x000000003ff00000        0x0
                0x000000003ff00000                _dport0_data_start = ABSOLUTE (.)
 *(.dport0.data)
 *(.dport.data)
                0x000000003ff00000                _dport0_data_end = ABSOLUTE (.)

.data           0x000000003ffe8000      0x4ec
                0x000000003ffe8000                _data_start = ABSOLUTE (.)
 *(.data)
 .data          0x000000003ffe8000        0x1 /Users/gerhardmutz1/.platformio/packages/framework-arduinoespressif8266/tools/sdk/lib/libmain.a(app_main.o)
 *fill*         0x000000003ffe8001        0x3 
 .data          0x000000003ffe8004        0xd /Users/gerhardmutz1/.platformio/packages/framework-arduinoespressif8266/tools/sdk/lib/libmain.a(user_interface.o)
                0x000000003ffe8008                bin_sum_len
                0x000000003ffe800c                timer2_ms_flag
                0x000000003ffe800d                dhcps_flag
                0x000000003ffe800e                dhcpc_flag
                0x000000003ffe8010                reconnect_internal
 *fill*         0x000000003ffe8011        0x3 
 .data          0x000000003ffe8014        0x4 /Users/gerhardmutz1/.platformio/packages/framework-arduinoespressif8266/tools/sdk/lib/libmain.a(nmi-vector.o)
 .data          0x000000003ffe8018        0x1 /Users/gerhardmutz1/.platformio/packages/framework-arduinoespressif8266/tools/sdk/lib/libmain.a(eagle_lwip_if.o)
                0x000000003ffe8018                wifi_station_default_hostname
 *fill*         0x000000003ffe8019        0x3 
 .data          0x000000003ffe801c       0xf4 /Users/gerhardmutz1/.platformio/packages/framework-arduinoespressif8266/tools/sdk/libc/xtensa-lx106-elf/lib/libc.a(lib_a-impure.o)
                0x000000003ffe801c                _impure_ptr
 .data          0x000000003ffe8110       0x7c /Users/gerhardmutz1/.platformio/packages/framework-arduinoespressif8266/tools/sdk/libc/xtensa-lx106-elf/lib/libc.a(lib_a-locale.o)
                0x000000003ffe8188                __mb_cur_max
 .data          0x000000003ffe818c        0x4 /Users/gerhardmutz1/.platformio/packages/framework-arduinoespressif8266/tools/sdk/libc/xtensa-lx106-elf/lib/libc.a(lib_a-wctomb_r.o)
                0x000000003ffe818c                __wctomb
 .data          0x000000003ffe8190       0x53 /Users/gerhardmutz1/.platformio/packages/framework-arduinoespressif8266/tools/sdk/lib/libphy.a(phy_chip_v6.o)
                0x000000003ffe8192                tx_rf_ana_gain
                0x000000003ffe81c0                rx_gain_swp
                0x000000003ffe81e0                test_rffreq_txcap
 *fill*         0x000000003ffe81e3        0x1 
 .data          0x000000003ffe81e4        0x1 /Users/gerhardmutz1/.platformio/packages/framework-arduinoespressif8266/tools/sdk/lib/libphy.a(phy_chip_v6_cal.o)
                0x000000003ffe81e4                rfcal_bb_atten_init
 *fill*         0x000000003ffe81e5        0x3 
 .data          0x000000003ffe81e8        0x4 /Users/gerhardmutz1/.platformio/packages/framework-arduinoespressif8266/tools/sdk/lib/libphy.a(phy_sleep.o)
                0x000000003ffe81e8                chip_version
 .data          0x000000003ffe81ec        0x1 /Users/gerhardmutz1/.platformio/packages/framework-arduinoespressif8266/tools/sdk/lib/libpp.a(pm.o)
 *fill*         0x000000003ffe81ed        0x3 
 .data          0x000000003ffe81f0        0x1 /Users/gerhardmutz1/.platformio/packages/framework-arduinoespressif8266/tools/sdk/lib/libpp.a(pm_for_bcn_only_mode.o)
 *fill*         0x000000003ffe81f1        0x3 
 .data          0x000000003ffe81f4       0x1c /Users/gerhardmutz1/.platformio/packages/framework-arduinoespressif8266/tools/sdk/lib/libpp.a(pp.o)
                0x000000003ffe81f4                soft_wdt_interval
                0x000000003ffe81f8                NoiseTimerInterval
                0x000000003ffe8200                sleep_start_wait_time
                0x000000003ffe8208                CanDoFreqCal
                0x000000003ffe8209                test_freq_val_first
                0x000000003ffe820c                tcb
 .data          0x000000003ffe8210       0x40 /Users/gerhardmutz1/.platformio/packages/framework-arduinoespressif8266/tools/sdk/lib/libpp.a(rate_control.o)
 .data          0x000000003ffe8250      0x24c /Users/gerhardmutz1/.platformio/packages/framework-arduinoespressif8266/tools/sdk/lib/libpp.a(trc.o)
 .data          0x000000003ffe849c        0x8 /Users/gerhardmutz1/.platformio/packages/framework-arduinoespressif8266/tools/sdk/lib/libpp.a(wdev.o)
 .data          0x000000003ffe84a4        0x1 /Users/gerhardmutz1/.platformio/packages/framework-arduinoespressif8266/tools/sdk/lib/libnet80211.a(ieee80211_hostap.o)
                0x000000003ffe84a4                TmpSTAAPCloseAP
 *fill*         0x000000003ffe84a5        0x3 
 .data          0x000000003ffe84a8        0x1 /Users/gerhardmutz1/.platformio/packages/framework-arduinoespressif8266/tools/sdk/lib/libnet80211.a(ieee80211_scan.o)
                0x000000003ffe84a8                TestStaFreqCalValOK
 *fill*         0x000000003ffe84a9        0x3 
 .data          0x000000003ffe84ac        0x1 /Users/gerhardmutz1/.platformio/packages/framework-arduinoespressif8266/tools/sdk/lib/libnet80211.a(wl_cnx.o)
 *fill*         0x000000003ffe84ad        0x3 
 .data          0x000000003ffe84b0       0x1c /Users/gerhardmutz1/.platformio/packages/framework-arduinoespressif8266/tools/sdk/lib/libnet80211.a(ieee80211_action.o)
 *(.data.*)
 .data.esp8266_gpioToFn
                0x000000003ffe84cc       0x10 .pioenvs/sonoff-DE/src/core_esp8266_wiring_digital.c.o
                0x000000003ffe84cc                esp8266_gpioToFn
 .data.dhcps_lease_time
                0x000000003ffe84dc        0x4 /Users/gerhardmutz1/.platformio/packages/framework-arduinoespressif8266/tools/sdk/lib/liblwip2_1460.a(esp-dhcpserver.o)
                0x000000003ffe84dc                dhcps_lease_time
 .data.offer    0x000000003ffe84e0        0x1 /Users/gerhardmutz1/.platformio/packages/framework-arduinoespressif8266/tools/sdk/lib/liblwip2_1460.a(esp-dhcpserver.o)
 *fill*         0x000000003ffe84e1        0x3 
 .data.iss$4177
                0x000000003ffe84e4        0x4 /Users/gerhardmutz1/.platformio/packages/framework-arduinoespressif8266/tools/sdk/lib/liblwip2_1460.a(tcp.o)
 .data.udp_port
                0x000000003ffe84e8        0x2 /Users/gerhardmutz1/.platformio/packages/framework-arduinoespressif8266/tools/sdk/lib/liblwip2_1460.a(udp.o)
 .data.time_zone
                0x000000003ffe84ea        0x1 .pioenvs/sonoff-DE/libFrameworkArduino.a(sntp-lwip2.c.o)
 *(.gnu.linkonce.d.*)
 *(.data1)
 *(.sdata)
 *(.sdata.*)
 *(.gnu.linkonce.s.*)
 *(.sdata2)
 *(.sdata2.*)
 *(.gnu.linkonce.s2.*)
 *(.jcr)
                0x000000003ffe84ec                . = ALIGN (0x4)
 *fill*         0x000000003ffe84eb        0x1 
                0x000000003ffe84ec                _Pri_3_HandlerAddress = ABSOLUTE (.)
                0x000000003ffe84ec                _data_end = ABSOLUTE (.)

.noinit         0x000000003ffe84ec        0x4
 *(.noinit)
 .noinit        0x000000003ffe84ec        0x4 .pioenvs/sonoff-DE/libFrameworkArduino.a(core_esp8266_main.cpp.o)
                0x000000003ffe84ec                g_pcont

.irom0.text     0x0000000040201010    0x30b14
                0x0000000040201010                _irom0_text_start = ABSOLUTE (.)
 *(.ver_number)
 .ver_number    0x0000000040201010        0x4 .pioenvs/sonoff-DE/libFrameworkArduino.a(core_esp8266_main.cpp.o)
                0x0000000040201010                core_version
 *.c.o(EXCLUDE_FILE(umm_malloc.c.o) .literal*, EXCLUDE_FILE(umm_malloc.c.o) .text*)
 .text.__pinMode
                0x0000000040201014      0x39b .pioenvs/sonoff-DE/src/core_esp8266_wiring_digital.c.o
                0x0000000040201038                __pinMode
                0x0000000040201038                pinMode
 *fill*         0x00000000402013af        0x1 
 .text.initPins
                0x00000000402013b0       0x7c .pioenvs/sonoff-DE/src/core_esp8266_wiring_digital.c.o
                                         0x8c (size before relaxing)
                0x00000000402013c8                initPins
 .text.uart_write_char_d
                0x000000004020142c       0x5b .pioenvs/sonoff-DE/libFrameworkArduino.a(core_esp8266_postmortem.c.o)
 *fill*         0x0000000040201487        0x1 
 .text.__wrap_system_restart_local
                0x0000000040201488      0x3be .pioenvs/sonoff-DE/libFrameworkArduino.a(core_esp8266_postmortem.c.o)
                                        0x466 (size before relaxing)
                0x0000000040201504                __wrap_system_restart_local
 *fill*         0x0000000040201846        0x2 
 .text.__panic_func
                0x0000000040201848       0x27 .pioenvs/sonoff-DE/libFrameworkArduino.a(core_esp8266_postmortem.c.o)
                                         0x3b (size before relaxing)
                0x0000000040201848                __panic_func
 *fill*         0x000000004020186f        0x1 
 .text.micros_overflow_tick
                0x0000000040201870       0x35 .pioenvs/sonoff-DE/libFrameworkArduino.a(core_esp8266_wiring.c.o)
                0x000000004020187c                micros_overflow_tick
 *fill*         0x00000000402018a5        0x3 
 .text.init     0x00000000402018a8       0x51 .pioenvs/sonoff-DE/libFrameworkArduino.a(core_esp8266_wiring.c.o)
                                         0x59 (size before relaxing)
                0x00000000402018c0                init
 *fill*         0x00000000402018f9        0x3 
 .text._malloc_r
                0x00000000402018fc       0x33 .pioenvs/sonoff-DE/libFrameworkArduino.a(heap.c.o)
                                         0x3b (size before relaxing)
                0x0000000040201900                _malloc_r
 *fill*         0x000000004020192f        0x1 
 .text._free_r  0x0000000040201930       0x18 .pioenvs/sonoff-DE/libFrameworkArduino.a(heap.c.o)
                0x0000000040201934                _free_r
 .text._realloc_r
                0x0000000040201948       0x35 .pioenvs/sonoff-DE/libFrameworkArduino.a(heap.c.o)
                                         0x3d (size before relaxing)
                0x000000004020194c                _realloc_r
 *fill*         0x000000004020197d        0x3 
 .text.xPortGetFreeHeapSize
                0x0000000040201980        0xf .pioenvs/sonoff-DE/libFrameworkArduino.a(heap.c.o)
                                         0x17 (size before relaxing)
                0x0000000040201980                xPortGetFreeHeapSize
 *fill*         0x000000004020198f        0x1 
 .text.cont_init
                0x0000000040201990       0x4e .pioenvs/sonoff-DE/libFrameworkArduino.a(cont_util.c.o)
                                         0x52 (size before relaxing)
                0x00000000402019a0                cont_init
 *fill*         0x00000000402019de        0x2 
 .text.user_rf_cal_sector_set
                0x00000000402019e0       0x1f .pioenvs/sonoff-DE/libFrameworkArduino.a(core_esp8266_phy.c.o)
                0x00000000402019e8                user_rf_cal_sector_set
 *fill*         0x00000000402019ff        0x1 
 .text.user_rf_pre_init
                0x0000000040201a00       0x53 .pioenvs/sonoff-DE/libFrameworkArduino.a(core_esp8266_phy.c.o)
                                         0x72 (size before relaxing)
                0x0000000040201a08                user_rf_pre_init
 *fill*         0x0000000040201a53        0x1 
 .text.settimeofday
                0x0000000040201a54       0xe5 .pioenvs/sonoff-DE/libFrameworkArduino.a(sntp-lwip2.c.o)
                                         0xf5 (size before relaxing)
                0x0000000040201a80                settimeofday
 *fill*         0x0000000040201b39        0x3 
 .text.tune_timeshift64
                0x0000000040201b3c       0x4a .pioenvs/sonoff-DE/libFrameworkArduino.a(time.c.o)
                0x0000000040201b48                tune_timeshift64
 *fill*         0x0000000040201b86        0x2 
 .text.pgm_read_byte_inlined
                0x0000000040201b88       0x16 .pioenvs/sonoff-DE/libFrameworkArduino.a(core_esp8266_postmortem.c.o)
 *fill*         0x0000000040201b9e        0x0 
 *fill*         0x0000000040201b9e        0x2 
 .text.__custom_crash_callback
                0x0000000040201ba0        0x2 .pioenvs/sonoff-DE/libFrameworkArduino.a(core_esp8266_postmortem.c.o)
                0x0000000040201ba0                __custom_crash_callback
                0x0000000040201ba0                custom_crash_callback
 *fill*         0x0000000040201ba2        0x0 
 *fill*         0x0000000040201ba2        0x0 
 *fill*         0x0000000040201ba2        0x0 
 *fill*         0x0000000040201ba2        0x0 
 *fill*         0x0000000040201ba2        0x0 
 *fill*         0x0000000040201ba2        0x0 
 *fill*         0x0000000040201ba2        0x0 
 *fill*         0x0000000040201ba2        0x0 
 *fill*         0x0000000040201ba2        0x2 
 .text._Z13__get_rf_modev
                0x0000000040201ba4        0x4 .pioenvs/sonoff-DE/libFrameworkArduino.a(core_esp8266_phy.c.o)
                0x0000000040201ba4                _Z13__get_rf_modev
 .text._Z14__get_adc_modev
                0x0000000040201ba8        0x4 .pioenvs/sonoff-DE/libFrameworkArduino.a(core_esp8266_phy.c.o)
                0x0000000040201ba8                _Z14__get_adc_modev
 .text._Z22__run_user_rf_pre_initv
                0x0000000040201bac        0x2 .pioenvs/sonoff-DE/libFrameworkArduino.a(core_esp8266_phy.c.o)
                0x0000000040201bac                _Z22__run_user_rf_pre_initv
 *fill*         0x0000000040201bae        0x0 
 *fill*         0x0000000040201bae        0x0 
 *fill*         0x0000000040201bae        0x0 
 *fill*         0x0000000040201bae        0x0 
 *.cpp.o(.literal*, .text*)
 *fill*         0x0000000040201bae        0x2 
 .text._ZL9loop_taskP11ETSEventTag
                0x0000000040201bb0       0x5a .pioenvs/sonoff-DE/libFrameworkArduino.a(core_esp8266_main.cpp.o)
                                         0x66 (size before relaxing)
 *fill*         0x0000000040201c0a        0x2 
 .text.esp_schedule
                0x0000000040201c0c       0x1c .pioenvs/sonoff-DE/libFrameworkArduino.a(core_esp8266_main.cpp.o)
                0x0000000040201c10                esp_schedule
 .text._Z9init_donev
                0x0000000040201c28       0x3d .pioenvs/sonoff-DE/libFrameworkArduino.a(core_esp8266_main.cpp.o)
                                         0x4d (size before relaxing)
                0x0000000040201c30                _Z9init_donev
 *fill*         0x0000000040201c65        0x3 
 .text._ZL12loop_wrapperv
                0x0000000040201c68       0x44 .pioenvs/sonoff-DE/libFrameworkArduino.a(core_esp8266_main.cpp.o)
                                         0x54 (size before relaxing)
 .text.user_init
                0x0000000040201cac       0x5c .pioenvs/sonoff-DE/libFrameworkArduino.a(core_esp8266_main.cpp.o)
                                         0x90 (size before relaxing)
                0x0000000040201cc0                user_init
 .text._Z23run_scheduled_functionsv
                0x0000000040201d08       0x89 .pioenvs/sonoff-DE/libFrameworkArduino.a(Schedule.cpp.o)
                                         0xa9 (size before relaxing)
                0x0000000040201d18                _Z23run_scheduled_functionsv
 *fill*         0x0000000040201d91        0x3 
 .text._ZSt25__throw_bad_function_callv
                0x0000000040201d94       0x19 .pioenvs/sonoff-DE/libFrameworkArduino.a(abi.cpp.o)
                                         0x20 (size before relaxing)
                0x0000000040201d9c                _ZSt25__throw_bad_function_callv
 *fill*         0x0000000040201dad        0x0 
 *fill*         0x0000000040201dad        0x3 
 .text.initVariant
                0x0000000040201db0        0x2 .pioenvs/sonoff-DE/libFrameworkArduino.a(core_esp8266_main.cpp.o)
                0x0000000040201db0                initVariant
 *fill*         0x0000000040201db2        0x2 
 .text._Z24preloop_update_frequencyv
                0x0000000040201db4        0x2 .pioenvs/sonoff-DE/libFrameworkArduino.a(core_esp8266_main.cpp.o)
                0x0000000040201db4                _Z24preloop_update_frequencyv
 *fill*         0x0000000040201db6        0x0 
 *fill*         0x0000000040201db6        0x2 
 .text._ZNSt14_Function_baseD2Ev
                0x0000000040201db8       0x17 .pioenvs/sonoff-DE/libFrameworkArduino.a(Schedule.cpp.o)
                0x0000000040201db8                _ZNSt14_Function_baseD2Ev
                0x0000000040201db8                _ZNSt14_Function_baseD1Ev
 *fill*         0x0000000040201dcf        0x1 
 .text._ZNSt8functionIFvvEE4swapERS1_
                0x0000000040201dd0       0x28 .pioenvs/sonoff-DE/libFrameworkArduino.a(Schedule.cpp.o)
                0x0000000040201dd0                _ZNSt8functionIFvvEE4swapERS1_
 *fill*         0x0000000040201df8        0x0 
 *(.rodata._ZTV*)
 *libc.a:(.literal .text .literal.* .text.*)
 .literal       0x0000000040201df8        0x4 /Users/gerhardmutz1/.platformio/packages/framework-arduinoespressif8266/tools/sdk/libc/xtensa-lx106-elf/lib/libc.a(lib_a-printf.o)
                                         0x14 (size before relaxing)
 .literal       0x0000000040201dfc       0x2c /Users/gerhardmutz1/.platformio/packages/framework-arduinoespressif8266/tools/sdk/libc/xtensa-lx106-elf/lib/libc.a(lib_a-findfp.o)
                                         0x80 (size before relaxing)
 .literal       0x0000000040201e28       0x24 /Users/gerhardmutz1/.platformio/packages/framework-arduinoespressif8266/tools/sdk/libc/xtensa-lx106-elf/lib/libc.a(lib_a-nano-vfprintf.o)
                                         0x60 (size before relaxing)
 .literal       0x0000000040201e4c       0x10 /Users/gerhardmutz1/.platformio/packages/framework-arduinoespressif8266/tools/sdk/libc/xtensa-lx106-elf/lib/libc.a(lib_a-nano-vfprintf_i.o)
                                         0x14 (size before relaxing)
 .literal       0x0000000040201e5c       0x14 /Users/gerhardmutz1/.platformio/packages/framework-arduinoespressif8266/tools/sdk/libc/xtensa-lx106-elf/lib/libc.a(lib_a-stdio.o)
                                         0x24 (size before relaxing)
 .literal       0x0000000040201e70        0x4 /Users/gerhardmutz1/.platformio/packages/framework-arduinoespressif8266/tools/sdk/libc/xtensa-lx106-elf/lib/libc.a(lib_a-wbuf.o)
                                         0x28 (size before relaxing)
 .literal       0x0000000040201e74        0x0 /Users/gerhardmutz1/.platformio/packages/framework-arduinoespressif8266/tools/sdk/libc/xtensa-lx106-elf/lib/libc.a(lib_a-wsetup.o)
                                         0x1c (size before relaxing)
 .literal       0x0000000040201e74        0x0 /Users/gerhardmutz1/.platformio/packages/framework-arduinoespressif8266/tools/sdk/libc/xtensa-lx106-elf/lib/libc.a(lib_a-fclose.o)
                                         0x3c (size before relaxing)
 .literal       0x0000000040201e74        0xc /Users/gerhardmutz1/.platformio/packages/framework-arduinoespressif8266/tools/sdk/libc/xtensa-lx106-elf/lib/libc.a(lib_a-fflush.o)
                                         0x38 (size before relaxing)
 .literal       0x0000000040201e80        0x0 /Users/gerhardmutz1/.platformio/packages/framework-arduinoespressif8266/tools/sdk/libc/xtensa-lx106-elf/lib/libc.a(lib_a-fputwc.o)
                                         0x2c (size before relaxing)
 .literal       0x0000000040201e80        0x8 /Users/gerhardmutz1/.platformio/packages/framework-arduinoespressif8266/tools/sdk/libc/xtensa-lx106-elf/lib/libc.a(lib_a-fvwrite.o)
                                         0x40 (size before relaxing)
 .literal       0x0000000040201e88       0x1c /Users/gerhardmutz1/.platformio/packages/framework-arduinoespressif8266/tools/sdk/libc/xtensa-lx106-elf/lib/libc.a(lib_a-locale.o)
                                         0x30 (size before relaxing)
 .literal       0x0000000040201ea4        0xc /Users/gerhardmutz1/.platformio/packages/framework-arduinoespressif8266/tools/sdk/libc/xtensa-lx106-elf/lib/libc.a(lib_a-makebuf.o)
                                         0x20 (size before relaxing)
 .literal       0x0000000040201eb0       0x18 /Users/gerhardmutz1/.platformio/packages/framework-arduinoespressif8266/tools/sdk/libc/xtensa-lx106-elf/lib/libc.a(lib_a-strcmp.o)
                                         0x20 (size before relaxing)
 .literal       0x0000000040201ec8        0x4 /Users/gerhardmutz1/.platformio/packages/framework-arduinoespressif8266/tools/sdk/libc/xtensa-lx106-elf/lib/libc.a(lib_a-wcrtomb.o)
                                         0x10 (size before relaxing)
 .literal       0x0000000040201ecc        0x0 /Users/gerhardmutz1/.platformio/packages/framework-arduinoespressif8266/tools/sdk/libc/xtensa-lx106-elf/lib/libc.a(lib_a-wctomb_r.o)
                                          0x8 (size before relaxing)
 .literal       0x0000000040201ecc        0x0 /Users/gerhardmutz1/.platformio/packages/framework-arduinoespressif8266/tools/sdk/libc/xtensa-lx106-elf/lib/libc.a(isatty.o)
                                          0x8 (size before relaxing)
 .literal       0x0000000040201ecc        0x0 /Users/gerhardmutz1/.platformio/packages/framework-arduinoespressif8266/tools/sdk/libc/xtensa-lx106-elf/lib/libc.a(lib_a-strlen.o)
                                          0xc (size before relaxing)
 .text          0x0000000040201ecc       0x99 /Users/gerhardmutz1/.platformio/packages/framework-arduinoespressif8266/tools/sdk/libc/xtensa-lx106-elf/lib/libc.a(lib_a-printf.o)
                0x0000000040201ecc                _printf_r
                0x0000000040201ecc                _iprintf_r
                0x0000000040201f18                printf
                0x0000000040201f18                iprintf
 *fill*         0x0000000040201f65        0x3 
 .text          0x0000000040201f68      0x2aa /Users/gerhardmutz1/.platformio/packages/framework-arduinoespressif8266/tools/sdk/libc/xtensa-lx106-elf/lib/libc.a(lib_a-findfp.o)
                                        0x2c6 (size before relaxing)
                0x0000000040201f68                _cleanup_r
                0x0000000040202004                __sfmoreglue
                0x0000000040202048                _cleanup
                0x000000004020205c                __sfp_lock_acquire
                0x0000000040202074                __sfp_lock_release
                0x000000004020208c                __sinit_lock_acquire
                0x00000000402020a4                __sinit_lock_release
                0x00000000402020bc                __sinit
                0x000000004020212c                __sfp
                0x00000000402021d8                __fp_lock_all
                0x00000000402021f8                __fp_unlock_all
 *fill*         0x0000000040202212        0x2 
 .text          0x0000000040202214      0x43b /Users/gerhardmutz1/.platformio/packages/framework-arduinoespressif8266/tools/sdk/libc/xtensa-lx106-elf/lib/libc.a(lib_a-nano-vfprintf.o)
                                        0x44b (size before relaxing)
                0x0000000040202248                __sfputs_r
                0x00000000402022b8                __sprint_r
                0x0000000040202348                _vfiprintf_r
                0x0000000040202348                _vfprintf_r
                0x0000000040202628                vfiprintf
                0x0000000040202628                vfprintf
 *fill*         0x000000004020264f        0x1 
 .text          0x0000000040202650      0x4bb /Users/gerhardmutz1/.platformio/packages/framework-arduinoespressif8266/tools/sdk/libc/xtensa-lx106-elf/lib/libc.a(lib_a-nano-vfprintf_i.o)
                                        0x4bf (size before relaxing)
                0x0000000040202650                _printf_common
                0x0000000040202758                _printf_i
 *fill*         0x0000000040202b0b        0x1 
 .text          0x0000000040202b0c       0xed /Users/gerhardmutz1/.platformio/packages/framework-arduinoespressif8266/tools/sdk/libc/xtensa-lx106-elf/lib/libc.a(lib_a-stdio.o)
                0x0000000040202b0c                __sread
                0x0000000040202b48                __seofread
                0x0000000040202b4c                __swrite
                0x0000000040202ba4                __sseek
                0x0000000040202be4                __sclose
 *fill*         0x0000000040202bf9        0x3 
 .text          0x0000000040202bfc       0xf3 /Users/gerhardmutz1/.platformio/packages/framework-arduinoespressif8266/tools/sdk/libc/xtensa-lx106-elf/lib/libc.a(lib_a-wbuf.o)
                                         0xff (size before relaxing)
                0x0000000040202bfc                __swbuf_r
                0x0000000040202cd4                __swbuf
 *fill*         0x0000000040202cef        0x1 
 .text          0x0000000040202cf0       0xeb /Users/gerhardmutz1/.platformio/packages/framework-arduinoespressif8266/tools/sdk/libc/xtensa-lx106-elf/lib/libc.a(lib_a-wsetup.o)
                                         0xef (size before relaxing)
                0x0000000040202cf0                __swsetup_r
 *fill*         0x0000000040202ddb        0x1 
 .text          0x0000000040202ddc       0xf7 /Users/gerhardmutz1/.platformio/packages/framework-arduinoespressif8266/tools/sdk/libc/xtensa-lx106-elf/lib/libc.a(lib_a-fclose.o)
                                        0x10f (size before relaxing)
                0x0000000040202ddc                _fclose_r
                0x0000000040202ebc                fclose
 *fill*         0x0000000040202ed3        0x1 
 .text          0x0000000040202ed4      0x20b /Users/gerhardmutz1/.platformio/packages/framework-arduinoespressif8266/tools/sdk/libc/xtensa-lx106-elf/lib/libc.a(lib_a-fflush.o)
                                        0x217 (size before relaxing)
                0x0000000040202ed4                __sflush_r
                0x0000000040203034                _fflush_r
                0x00000000402030b8                fflush
 *fill*         0x00000000402030df        0x1 
 .text          0x00000000402030e0      0x192 /Users/gerhardmutz1/.platformio/packages/framework-arduinoespressif8266/tools/sdk/libc/xtensa-lx106-elf/lib/libc.a(lib_a-fputwc.o)
                                        0x19e (size before relaxing)
                0x00000000402030e0                __fputwc
                0x00000000402031ac                _fputwc_r
                0x000000004020321c                fputwc
 *fill*         0x0000000040203272        0x2 
 .text          0x0000000040203274      0x320 /Users/gerhardmutz1/.platformio/packages/framework-arduinoespressif8266/tools/sdk/libc/xtensa-lx106-elf/lib/libc.a(lib_a-fvwrite.o)
                                        0x334 (size before relaxing)
                0x0000000040203274                __sfvwrite_r
 .text          0x0000000040203594       0x8d /Users/gerhardmutz1/.platformio/packages/framework-arduinoespressif8266/tools/sdk/libc/xtensa-lx106-elf/lib/libc.a(lib_a-locale.o)
                                         0x95 (size before relaxing)
                0x0000000040203594                _setlocale_r
                0x00000000402035dc                __locale_charset
                0x00000000402035e4                __locale_mb_cur_max
                0x00000000402035ec                __locale_msgcharset
                0x00000000402035f4                __locale_cjk_lang
                0x00000000402035f8                _localeconv_r
                0x0000000040203600                setlocale
                0x000000004020361c                localeconv
 *fill*         0x0000000040203621        0x3 
 .text          0x0000000040203624      0x100 /Users/gerhardmutz1/.platformio/packages/framework-arduinoespressif8266/tools/sdk/libc/xtensa-lx106-elf/lib/libc.a(lib_a-makebuf.o)
                                        0x108 (size before relaxing)
                0x0000000040203624                __smakebuf_r
 .text          0x0000000040203724       0xff /Users/gerhardmutz1/.platformio/packages/framework-arduinoespressif8266/tools/sdk/libc/xtensa-lx106-elf/lib/libc.a(lib_a-strcmp.o)
                0x0000000040203724                strcmp
 *fill*         0x0000000040203823        0x1 
 .text          0x0000000040203824       0x7d /Users/gerhardmutz1/.platformio/packages/framework-arduinoespressif8266/tools/sdk/libc/xtensa-lx106-elf/lib/libc.a(lib_a-wcrtomb.o)
                0x0000000040203824                _wcrtomb_r
                0x0000000040203884                wcrtomb
 *fill*         0x00000000402038a1        0x3 
 .text          0x00000000402038a4       0x5d /Users/gerhardmutz1/.platformio/packages/framework-arduinoespressif8266/tools/sdk/libc/xtensa-lx106-elf/lib/libc.a(lib_a-wctomb_r.o)
                0x00000000402038a4                __ascii_wctomb
                0x00000000402038c4                _wctomb_r
 *fill*         0x0000000040203901        0x3 
 .text          0x0000000040203904       0x30 /Users/gerhardmutz1/.platformio/packages/framework-arduinoespressif8266/tools/sdk/libc/xtensa-lx106-elf/lib/libc.a(isatty.o)
                0x0000000040203904                _isatty_r
 .text          0x0000000040203934       0x5b /Users/gerhardmutz1/.platformio/packages/framework-arduinoespressif8266/tools/sdk/libc/xtensa-lx106-elf/lib/libc.a(lib_a-strlen.o)
                0x0000000040203934                strlen
 *fill*         0x000000004020398f        0x1 
 .text          0x0000000040203990      0x145 /Users/gerhardmutz1/.platformio/packages/framework-arduinoespressif8266/tools/sdk/libc/xtensa-lx106-elf/lib/libc.a(lib_a-memcpy.o)
                0x00000000402039d4                memcpy
 *fill*         0x0000000040203ad5        0x3 
 .text          0x0000000040203ad8       0x3b /Users/gerhardmutz1/.platformio/packages/framework-arduinoespressif8266/tools/sdk/libc/xtensa-lx106-elf/lib/libc.a(lib_a-memmove.o)
                0x0000000040203ad8                memmove
 *fill*         0x0000000040203b13        0x1 
 .text          0x0000000040203b14       0x7c /Users/gerhardmutz1/.platformio/packages/framework-arduinoespressif8266/tools/sdk/libc/xtensa-lx106-elf/lib/libc.a(lib_a-memset.o)
                0x0000000040203b40                memset
 *fill*         0x0000000040203b90        0x0 
 *fill*         0x0000000040203b90        0x0 
 .text          0x0000000040203b90       0xba /Users/gerhardmutz1/.platformio/packages/framework-arduinoespressif8266/tools/sdk/libc/xtensa-lx106-elf/lib/libc.a(lib_a-fwalk.o)
                0x0000000040203b90                _fwalk
                0x0000000040203be8                _fwalk_reent
 *fill*         0x0000000040203c4a        0x0 
 *fill*         0x0000000040203c4a        0x0 
 *fill*         0x0000000040203c4a        0x0 
 *fill*         0x0000000040203c4a        0x0 
 *fill*         0x0000000040203c4a        0x0 
 *fill*         0x0000000040203c4a        0x2 
 .text          0x0000000040203c4c        0x8 /Users/gerhardmutz1/.platformio/packages/framework-arduinoespressif8266/tools/sdk/libc/xtensa-lx106-elf/lib/libc.a(lock.o)
                0x0000000040203c4c                _lock_acquire_recursive
                0x0000000040203c4c                __dummy_lock
                0x0000000040203c4c                _lock_acquire
                0x0000000040203c4c                _lock_release_recursive
                0x0000000040203c4c                _lock_close_recursive
                0x0000000040203c4c                _lock_init_recursive
                0x0000000040203c4c                _lock_close
                0x0000000040203c4c                _lock_release
                0x0000000040203c4c                _lock_init
                0x0000000040203c50                _lock_try_acquire
                0x0000000040203c50                __dummy_lock_try
                0x0000000040203c50                _lock_try_acquire_recursive
 *fill*         0x0000000040203c54        0x0 
 *fill*         0x0000000040203c54        0x0 
 *fill*         0x0000000040203c54        0x0 
 *fill*         0x0000000040203c54        0x0 
 .text          0x0000000040203c54       0x17 /Users/gerhardmutz1/.platformio/packages/framework-arduinoespressif8266/tools/sdk/libc/xtensa-lx106-elf/lib/libc.a(lib_a-memchr.o)
                0x0000000040203c54                memchr
 *fill*         0x0000000040203c6b        0x0 
 *fill*         0x0000000040203c6b        0x0 
 *fill*         0x0000000040203c6b        0x0 
 *fill*         0x0000000040203c6b        0x1 
 .text          0x0000000040203c6c       0x23 /Users/gerhardmutz1/.platformio/packages/framework-arduinoespressif8266/tools/sdk/libc/xtensa-lx106-elf/lib/libc.a(lib_a-memcmp.o)
                0x0000000040203c6c                memcmp
 *fill*         0x0000000040203c8f        0x0 
 *fill*         0x0000000040203c8f        0x1 
 .text          0x0000000040203c90       0x32 /Users/gerhardmutz1/.platformio/packages/framework-arduinoespressif8266/tools/sdk/libc/xtensa-lx106-elf/lib/libc.a(lib_a-strstr.o)
                0x0000000040203c90                strstr
 *libm.a:(.literal .text .literal.* .text.*)
 *libgcc.a:_umoddi3.o(.literal .text)
 *libgcc.a:_udivdi3.o(.literal .text)
 *libsmartconfig.a:(.literal .text .literal.* .text.*)
 *libstdc++.a:(.literal .text .literal.* .text.*)
 *liblwip_gcc.a:(.literal .text .literal.* .text.*)
 *liblwip_src.a:(.literal .text .literal.* .text.*)
 *liblwip2.a:(.literal .text .literal.* .text.*)
 *liblwip2_1460.a:(.literal .text .literal.* .text.*)
 *fill*         0x0000000040203cc2        0x2 
 .text.glue2esp_err
                0x0000000040203cc4       0x1e /Users/gerhardmutz1/.platformio/packages/framework-arduinoespressif8266/tools/sdk/lib/liblwip2_1460.a(lwip-esp.o)
                0x0000000040203cc8                glue2esp_err
 *fill*         0x0000000040203ce2        0x2 
 .text.esp2glue_err
                0x0000000040203ce4       0x1e /Users/gerhardmutz1/.platformio/packages/framework-arduinoespressif8266/tools/sdk/lib/liblwip2_1460.a(lwip-esp.o)
                0x0000000040203ce8                esp2glue_err
 *fill*         0x0000000040203d02        0x2 
 .text.glue2esp_linkoutput
                0x0000000040203d04      0x111 /Users/gerhardmutz1/.platformio/packages/framework-arduinoespressif8266/tools/sdk/lib/liblwip2_1460.a(lwip-esp.o)
                                        0x121 (size before relaxing)
                0x0000000040203d20                glue2esp_linkoutput
 *fill*         0x0000000040203e15        0x3 
 .text.lwip_init
                0x0000000040203e18        0xf /Users/gerhardmutz1/.platformio/packages/framework-arduinoespressif8266/tools/sdk/lib/liblwip2_1460.a(lwip-esp.o)
                                         0x17 (size before relaxing)
                0x0000000040203e18                lwip_init
 *fill*         0x0000000040203e27        0x1 
 .text.dhcps_start
                0x0000000040203e28       0x29 /Users/gerhardmutz1/.platformio/packages/framework-arduinoespressif8266/tools/sdk/lib/liblwip2_1460.a(lwip-esp.o)
                                         0x39 (size before relaxing)
                0x0000000040203e28                dhcps_start
 *fill*         0x0000000040203e51        0x3 
 .text.dhcp_cleanup
                0x0000000040203e54       0x1d /Users/gerhardmutz1/.platformio/packages/framework-arduinoespressif8266/tools/sdk/lib/liblwip2_1460.a(lwip-esp.o)
                0x0000000040203e5c                dhcp_cleanup
 *fill*         0x0000000040203e71        0x3 
 .text.dhcp_release
                0x0000000040203e74       0x1b /Users/gerhardmutz1/.platformio/packages/framework-arduinoespressif8266/tools/sdk/lib/liblwip2_1460.a(lwip-esp.o)
                                         0x1f (size before relaxing)
                0x0000000040203e78                dhcp_release
 *fill*         0x0000000040203e8f        0x1 
 .text.dhcp_start
                0x0000000040203e90       0x22 /Users/gerhardmutz1/.platformio/packages/framework-arduinoespressif8266/tools/sdk/lib/liblwip2_1460.a(lwip-esp.o)
                                         0x2e (size before relaxing)
                0x0000000040203e90                dhcp_start
 *fill*         0x0000000040203eb2        0x2 
 .text.dhcp_stop
                0x0000000040203eb4       0x15 /Users/gerhardmutz1/.platformio/packages/framework-arduinoespressif8266/tools/sdk/lib/liblwip2_1460.a(lwip-esp.o)
                                         0x19 (size before relaxing)
                0x0000000040203eb4                dhcp_stop
 *fill*         0x0000000040203ec9        0x3 
 .text.glue2esp_ifupdown
                0x0000000040203ecc       0x4b /Users/gerhardmutz1/.platformio/packages/framework-arduinoespressif8266/tools/sdk/lib/liblwip2_1460.a(lwip-esp.o)
                                         0x53 (size before relaxing)
                0x0000000040203ecc                glue2esp_ifupdown
 *fill*         0x0000000040203f17        0x1 
 .text.netif_init_ap
                0x0000000040203f18       0x58 /Users/gerhardmutz1/.platformio/packages/framework-arduinoespressif8266/tools/sdk/lib/liblwip2_1460.a(lwip-git.o)
                                         0x60 (size before relaxing)
 .text.netif_sta_status_callback
                0x0000000040203f70       0x3f /Users/gerhardmutz1/.platformio/packages/framework-arduinoespressif8266/tools/sdk/lib/liblwip2_1460.a(lwip-git.o)
                                         0x5b (size before relaxing)
 *fill*         0x0000000040203faf        0x1 
 .text.netif_init_sta
                0x0000000040203fb0       0x50 /Users/gerhardmutz1/.platformio/packages/framework-arduinoespressif8266/tools/sdk/lib/liblwip2_1460.a(lwip-git.o)
                                         0x60 (size before relaxing)
 .text.glue2git_err
                0x0000000040204000       0x1e /Users/gerhardmutz1/.platformio/packages/framework-arduinoespressif8266/tools/sdk/lib/liblwip2_1460.a(lwip-git.o)
                0x0000000040204004                glue2git_err
 *fill*         0x000000004020401e        0x2 
 .text.git2glue_err
                0x0000000040204020       0x1e /Users/gerhardmutz1/.platformio/packages/framework-arduinoespressif8266/tools/sdk/lib/liblwip2_1460.a(lwip-git.o)
                0x0000000040204024                git2glue_err
 *fill*         0x000000004020403e        0x2 
 .text.lwiperr_check
                0x0000000040204040       0x25 /Users/gerhardmutz1/.platformio/packages/framework-arduinoespressif8266/tools/sdk/lib/liblwip2_1460.a(lwip-git.o)
                                         0x29 (size before relaxing)
                0x0000000040204044                lwiperr_check
 *fill*         0x0000000040204065        0x3 
 .text.esp2glue_dhcp_start
                0x0000000040204068       0x33 /Users/gerhardmutz1/.platformio/packages/framework-arduinoespressif8266/tools/sdk/lib/liblwip2_1460.a(lwip-git.o)
                                         0x5b (size before relaxing)
                0x0000000040204068                esp2glue_dhcp_start
 *fill*         0x000000004020409b        0x1 
 .text.esp2glue_dhcp_stop
                0x000000004020409c       0x1d /Users/gerhardmutz1/.platformio/packages/framework-arduinoespressif8266/tools/sdk/lib/liblwip2_1460.a(lwip-git.o)
                                         0x25 (size before relaxing)
                0x000000004020409c                esp2glue_dhcp_stop
 *fill*         0x00000000402040b9        0x3 
 .text.pbuf_clone
                0x00000000402040bc       0x2d /Users/gerhardmutz1/.platformio/packages/framework-arduinoespressif8266/tools/sdk/lib/liblwip2_1460.a(lwip-git.o)
                                         0x39 (size before relaxing)
                0x00000000402040bc                pbuf_clone
 *fill*         0x00000000402040e9        0x3 
 .text.new_linkoutput
                0x00000000402040ec       0x57 /Users/gerhardmutz1/.platformio/packages/framework-arduinoespressif8266/tools/sdk/lib/liblwip2_1460.a(lwip-git.o)
                                         0x77 (size before relaxing)
                0x00000000402040ec                new_linkoutput
 *fill*         0x0000000040204143        0x1 
 .text.esp2glue_pbuf_freed
                0x0000000040204144        0xf /Users/gerhardmutz1/.platformio/packages/framework-arduinoespressif8266/tools/sdk/lib/liblwip2_1460.a(lwip-git.o)
                                         0x17 (size before relaxing)
                0x0000000040204144                esp2glue_pbuf_freed
 *fill*         0x0000000040204153        0x1 
 .text.esp2glue_netif_set_default
                0x0000000040204154       0x25 /Users/gerhardmutz1/.platformio/packages/framework-arduinoespressif8266/tools/sdk/lib/liblwip2_1460.a(lwip-git.o)
                                         0x2d (size before relaxing)
                0x0000000040204154                esp2glue_netif_set_default
 *fill*         0x0000000040204179        0x3 
 .text.esp2glue_lwip_init
                0x000000004020417c       0x99 /Users/gerhardmutz1/.platformio/packages/framework-arduinoespressif8266/tools/sdk/lib/liblwip2_1460.a(lwip-git.o)
                                         0xd5 (size before relaxing)
                0x0000000040204190                esp2glue_lwip_init
 *fill*         0x0000000040204215        0x3 
 .text.esp2glue_alloc_for_recv
                0x0000000040204218       0x2d /Users/gerhardmutz1/.platformio/packages/framework-arduinoespressif8266/tools/sdk/lib/liblwip2_1460.a(lwip-git.o)
                                         0x31 (size before relaxing)
                0x0000000040204218                esp2glue_alloc_for_recv
 *fill*         0x0000000040204245        0x3 
 .text.esp2glue_ethernet_input
                0x0000000040204248       0x21 /Users/gerhardmutz1/.platformio/packages/framework-arduinoespressif8266/tools/sdk/lib/liblwip2_1460.a(lwip-git.o)
                                         0x31 (size before relaxing)
                0x0000000040204248                esp2glue_ethernet_input
 *fill*         0x0000000040204269        0x3 
 .text.esp2glue_dhcps_start
                0x000000004020426c        0xf /Users/gerhardmutz1/.platformio/packages/framework-arduinoespressif8266/tools/sdk/lib/liblwip2_1460.a(lwip-git.o)
                                         0x17 (size before relaxing)
                0x000000004020426c                esp2glue_dhcps_start
 *fill*         0x000000004020427b        0x1 
 .text.esp2glue_netif_set_up1down0
                0x000000004020427c       0x71 /Users/gerhardmutz1/.platformio/packages/framework-arduinoespressif8266/tools/sdk/lib/liblwip2_1460.a(lwip-git.o)
                                         0xa1 (size before relaxing)
                0x0000000040204280                esp2glue_netif_set_up1down0
 *fill*         0x00000000402042ed        0x3 
 .text.esp2glue_netif_update
                0x00000000402042f0       0xa6 /Users/gerhardmutz1/.platformio/packages/framework-arduinoespressif8266/tools/sdk/lib/liblwip2_1460.a(lwip-git.o)
                                         0xc2 (size before relaxing)
                0x00000000402042f0                esp2glue_netif_update
 *fill*         0x0000000040204396        0x2 
 .text.ethernet_input_LWIP2
                0x0000000040204398       0xce /Users/gerhardmutz1/.platformio/packages/framework-arduinoespressif8266/tools/sdk/lib/liblwip2_1460.a(ethernet.o)
                                         0xfa (size before relaxing)
                0x000000004020439c                ethernet_input_LWIP2
 *fill*         0x0000000040204466        0x2 
 .text.ethernet_output
                0x0000000040204468       0x71 /Users/gerhardmutz1/.platformio/packages/framework-arduinoespressif8266/tools/sdk/lib/liblwip2_1460.a(ethernet.o)
                                         0x85 (size before relaxing)
                0x000000004020446c                ethernet_output
 *fill*         0x00000000402044d9        0x3 
 .text.lwip_init_LWIP2
                0x00000000402044dc       0x25 /Users/gerhardmutz1/.platformio/packages/framework-arduinoespressif8266/tools/sdk/lib/liblwip2_1460.a(init.o)
                                         0x5d (size before relaxing)
                0x00000000402044dc                lwip_init_LWIP2
 *fill*         0x0000000040204501        0x3 
 .text.do_memp_malloc_pool
                0x0000000040204504       0x2d /Users/gerhardmutz1/.platformio/packages/framework-arduinoespressif8266/tools/sdk/lib/liblwip2_1460.a(memp.o)
                                         0x3d (size before relaxing)
 *fill*         0x0000000040204531        0x3 
 .text.memp_malloc
                0x0000000040204534       0x27 /Users/gerhardmutz1/.platformio/packages/framework-arduinoespressif8266/tools/sdk/lib/liblwip2_1460.a(memp.o)
                                         0x2b (size before relaxing)
                0x0000000040204538                memp_malloc
 *fill*         0x000000004020455b        0x1 
 .text.memp_free
                0x000000004020455c       0x2b /Users/gerhardmutz1/.platformio/packages/framework-arduinoespressif8266/tools/sdk/lib/liblwip2_1460.a(memp.o)
                                         0x3b (size before relaxing)
                0x000000004020455c                memp_free
 *fill*         0x0000000040204587        0x1 
 .text.tcp_close_shutdown_fin
                0x0000000040204588       0x5d /Users/gerhardmutz1/.platformio/packages/framework-arduinoespressif8266/tools/sdk/lib/liblwip2_1460.a(tcp.o)
                                         0x69 (size before relaxing)
 *fill*         0x00000000402045e5        0x3 
 .text.tcp_update_rcv_ann_wnd
                0x00000000402045e8       0x43 /Users/gerhardmutz1/.platformio/packages/framework-arduinoespressif8266/tools/sdk/lib/liblwip2_1460.a(tcp.o)
                0x00000000402045ec                tcp_update_rcv_ann_wnd
 *fill*         0x000000004020462b        0x1 
 .text.tcp_recved
                0x000000004020462c       0x6b /Users/gerhardmutz1/.platformio/packages/framework-arduinoespressif8266/tools/sdk/lib/liblwip2_1460.a(tcp.o)
                                         0x77 (size before relaxing)
                0x0000000040204630                tcp_recved
 *fill*         0x0000000040204697        0x1 
 .text.tcp_seg_free
                0x0000000040204698       0x26 /Users/gerhardmutz1/.platformio/packages/framework-arduinoespressif8266/tools/sdk/lib/liblwip2_1460.a(tcp.o)
                                         0x31 (size before relaxing)
                0x0000000040204698                tcp_seg_free
 *fill*         0x00000000402046be        0x2 
 .text.tcp_segs_free
                0x00000000402046c0       0x20 /Users/gerhardmutz1/.platformio/packages/framework-arduinoespressif8266/tools/sdk/lib/liblwip2_1460.a(tcp.o)
                                         0x24 (size before relaxing)
                0x00000000402046c0                tcp_segs_free
 .text.tcp_pcb_purge
                0x00000000402046e0       0x49 /Users/gerhardmutz1/.platformio/packages/framework-arduinoespressif8266/tools/sdk/lib/liblwip2_1460.a(tcp.o)
                                         0x59 (size before relaxing)
                0x00000000402046e0                tcp_pcb_purge
 *fill*         0x0000000040204729        0x3 
 .text.tcp_slowtmr
                0x000000004020472c      0x30a /Users/gerhardmutz1/.platformio/packages/framework-arduinoespressif8266/tools/sdk/lib/liblwip2_1460.a(tcp.o)
                                        0x33e (size before relaxing)
                0x0000000040204748                tcp_slowtmr
 *fill*         0x0000000040204a36        0x2 
 .text.tcp_pcb_remove
                0x0000000040204a38       0x62 /Users/gerhardmutz1/.platformio/packages/framework-arduinoespressif8266/tools/sdk/lib/liblwip2_1460.a(tcp.o)
                                         0x6e (size before relaxing)
                0x0000000040204a38                tcp_pcb_remove
 *fill*         0x0000000040204a9a        0x2 
 .text.tcp_abandon
                0x0000000040204a9c       0xdc /Users/gerhardmutz1/.platformio/packages/framework-arduinoespressif8266/tools/sdk/lib/liblwip2_1460.a(tcp.o)
                                        0x10c (size before relaxing)
                0x0000000040204aa0                tcp_abandon
 .text.tcp_abort
                0x0000000040204b78       0x14 /Users/gerhardmutz1/.platformio/packages/framework-arduinoespressif8266/tools/sdk/lib/liblwip2_1460.a(tcp.o)
                                         0x18 (size before relaxing)
                0x0000000040204b78                tcp_abort
 .text.tcp_kill_timewait
                0x0000000040204b8c       0x3c /Users/gerhardmutz1/.platformio/packages/framework-arduinoespressif8266/tools/sdk/lib/liblwip2_1460.a(tcp.o)
                                         0x48 (size before relaxing)
                0x0000000040204b8c                tcp_kill_timewait
 .text.tcp_netif_ip_addr_changed_pcblist
                0x0000000040204bc8       0x2c /Users/gerhardmutz1/.platformio/packages/framework-arduinoespressif8266/tools/sdk/lib/liblwip2_1460.a(tcp.o)
                                         0x34 (size before relaxing)
 .text.tcp_kill_state
                0x0000000040204bf4       0x3d /Users/gerhardmutz1/.platformio/packages/framework-arduinoespressif8266/tools/sdk/lib/liblwip2_1460.a(tcp.o)
                                         0x49 (size before relaxing)
 *fill*         0x0000000040204c31        0x3 
 .text.tcp_alloc
                0x0000000040204c34      0x101 /Users/gerhardmutz1/.platformio/packages/framework-arduinoespressif8266/tools/sdk/lib/liblwip2_1460.a(tcp.o)
                                        0x159 (size before relaxing)
                0x0000000040204c40                tcp_alloc
 *fill*         0x0000000040204d35        0x3 
 .text.tcp_close_shutdown
                0x0000000040204d38      0x188 /Users/gerhardmutz1/.platformio/packages/framework-arduinoespressif8266/tools/sdk/lib/liblwip2_1460.a(tcp.o)
                                        0x1c8 (size before relaxing)
 .text.tcp_close
                0x0000000040204ec0       0x24 /Users/gerhardmutz1/.platformio/packages/framework-arduinoespressif8266/tools/sdk/lib/liblwip2_1460.a(tcp.o)
                                         0x28 (size before relaxing)
                0x0000000040204ec0                tcp_close
 .text.tcp_recv_null
                0x0000000040204ee4       0x35 /Users/gerhardmutz1/.platformio/packages/framework-arduinoespressif8266/tools/sdk/lib/liblwip2_1460.a(tcp.o)
                                         0x45 (size before relaxing)
                0x0000000040204ee4                tcp_recv_null
 *fill*         0x0000000040204f19        0x3 
 .text.tcp_process_refused_data
                0x0000000040204f1c       0x85 /Users/gerhardmutz1/.platformio/packages/framework-arduinoespressif8266/tools/sdk/lib/liblwip2_1460.a(tcp.o)
                                         0x8d (size before relaxing)
                0x0000000040204f1c                tcp_process_refused_data
 *fill*         0x0000000040204fa1        0x3 
 .text.tcp_fasttmr
                0x0000000040204fa4       0x9a /Users/gerhardmutz1/.platformio/packages/framework-arduinoespressif8266/tools/sdk/lib/liblwip2_1460.a(tcp.o)
                                         0xbe (size before relaxing)
                0x0000000040204fa4                tcp_fasttmr
 *fill*         0x000000004020503e        0x2 
 .text.tcp_tmr  0x0000000040205040       0x27 /Users/gerhardmutz1/.platformio/packages/framework-arduinoespressif8266/tools/sdk/lib/liblwip2_1460.a(tcp.o)
                                         0x37 (size before relaxing)
                0x0000000040205044                tcp_tmr
 *fill*         0x0000000040205067        0x1 
 .text.tcp_next_iss
                0x0000000040205068       0x14 /Users/gerhardmutz1/.platformio/packages/framework-arduinoespressif8266/tools/sdk/lib/liblwip2_1460.a(tcp.o)
                                         0x18 (size before relaxing)
                0x000000004020506c                tcp_next_iss
 .text.tcp_eff_send_mss_impl
                0x000000004020507c       0x33 /Users/gerhardmutz1/.platformio/packages/framework-arduinoespressif8266/tools/sdk/lib/liblwip2_1460.a(tcp.o)
                                         0x3b (size before relaxing)
                0x000000004020507c                tcp_eff_send_mss_impl
 *fill*         0x00000000402050af        0x1 
 .text.tcp_netif_ip_addr_changed
                0x00000000402050b0       0x55 /Users/gerhardmutz1/.platformio/packages/framework-arduinoespressif8266/tools/sdk/lib/liblwip2_1460.a(tcp.o)
                                         0x6d (size before relaxing)
                0x00000000402050b0                tcp_netif_ip_addr_changed
 *fill*         0x0000000040205105        0x3 
 .text.sys_timeout_LWIP2
                0x0000000040205108       0xaf /Users/gerhardmutz1/.platformio/packages/framework-arduinoespressif8266/tools/sdk/lib/liblwip2_1460.a(timeouts.o)
                                         0xb7 (size before relaxing)
                0x0000000040205114                sys_timeout_LWIP2
 *fill*         0x00000000402051b7        0x1 
 .text.tcp_timer_needed
                0x00000000402051b8       0x3b /Users/gerhardmutz1/.platformio/packages/framework-arduinoespressif8266/tools/sdk/lib/liblwip2_1460.a(timeouts.o)
                                         0x47 (size before relaxing)
                0x00000000402051c0                tcp_timer_needed
 *fill*         0x00000000402051f3        0x1 
 .text.tcpip_tcp_timer
                0x00000000402051f4       0x35 /Users/gerhardmutz1/.platformio/packages/framework-arduinoespressif8266/tools/sdk/lib/liblwip2_1460.a(timeouts.o)
                                         0x51 (size before relaxing)
 *fill*         0x0000000040205229        0x3 
 .text.sys_timeouts_init
                0x000000004020522c       0x46 /Users/gerhardmutz1/.platformio/packages/framework-arduinoespressif8266/tools/sdk/lib/liblwip2_1460.a(timeouts.o)
                                         0x52 (size before relaxing)
                0x0000000040205238                sys_timeouts_init
 *fill*         0x0000000040205272        0x2 
 .text.cyclic_timer
                0x0000000040205274       0x21 /Users/gerhardmutz1/.platformio/packages/framework-arduinoespressif8266/tools/sdk/lib/liblwip2_1460.a(timeouts.o)
                                         0x2d (size before relaxing)
 *fill*         0x0000000040205295        0x3 
 .text.sys_untimeout_LWIP2
                0x0000000040205298       0x4f /Users/gerhardmutz1/.platformio/packages/framework-arduinoespressif8266/tools/sdk/lib/liblwip2_1460.a(timeouts.o)
                                         0x5b (size before relaxing)
                0x0000000040205298                sys_untimeout_LWIP2
 *fill*         0x00000000402052e7        0x1 
 .text.sys_check_timeouts
                0x00000000402052e8       0x63 /Users/gerhardmutz1/.platformio/packages/framework-arduinoespressif8266/tools/sdk/lib/liblwip2_1460.a(timeouts.o)
                                         0x77 (size before relaxing)
                0x00000000402052e8                sys_check_timeouts
 *fill*         0x000000004020534b        0x1 
 .text.dns_call_found
                0x000000004020534c       0xcf /Users/gerhardmutz1/.platformio/packages/framework-arduinoespressif8266/tools/sdk/lib/liblwip2_1460.a(dns.o)
                                         0xd7 (size before relaxing)
 *fill*         0x000000004020541b        0x1 
 .text.dns_send
                0x000000004020541c      0x141 /Users/gerhardmutz1/.platformio/packages/framework-arduinoespressif8266/tools/sdk/lib/liblwip2_1460.a(dns.o)
                                        0x19d (size before relaxing)
 *fill*         0x000000004020555d        0x3 
 .text.dns_check_entry
                0x0000000040205560       0xd9 /Users/gerhardmutz1/.platformio/packages/framework-arduinoespressif8266/tools/sdk/lib/liblwip2_1460.a(dns.o)
                                         0xfd (size before relaxing)
 *fill*         0x0000000040205639        0x3 
 .text.dns_recv
                0x000000004020563c      0x28d /Users/gerhardmutz1/.platformio/packages/framework-arduinoespressif8266/tools/sdk/lib/liblwip2_1460.a(dns.o)
                                        0x314 (size before relaxing)
 *fill*         0x00000000402058c9        0x3 
 .text.dns_setserver
                0x00000000402058cc       0x22 /Users/gerhardmutz1/.platformio/packages/framework-arduinoespressif8266/tools/sdk/lib/liblwip2_1460.a(dns.o)
                                         0x26 (size before relaxing)
                0x00000000402058d0                dns_setserver
 *fill*         0x00000000402058ee        0x2 
 .text.dns_tmr  0x00000000402058f0       0x1c /Users/gerhardmutz1/.platformio/packages/framework-arduinoespressif8266/tools/sdk/lib/liblwip2_1460.a(dns.o)
                                         0x30 (size before relaxing)
                0x00000000402058f0                dns_tmr
 .text.dns_gethostbyname_addrtype
                0x000000004020590c      0x2f5 /Users/gerhardmutz1/.platformio/packages/framework-arduinoespressif8266/tools/sdk/lib/liblwip2_1460.a(dns.o)
                                        0x34d (size before relaxing)
                0x0000000040205920                dns_gethostbyname_addrtype
 *fill*         0x0000000040205c01        0x3 
 .text.dns_gethostbyname
                0x0000000040205c04       0x14 /Users/gerhardmutz1/.platformio/packages/framework-arduinoespressif8266/tools/sdk/lib/liblwip2_1460.a(dns.o)
                                         0x18 (size before relaxing)
                0x0000000040205c04                dns_gethostbyname
 .text.tcp_receive
                0x0000000040205c18      0x5cb /Users/gerhardmutz1/.platformio/packages/framework-arduinoespressif8266/tools/sdk/lib/liblwip2_1460.a(tcp_in.o)
                                        0x657 (size before relaxing)
 *fill*         0x00000000402061e3        0x1 
 .text.tcp_getoptbyte
                0x00000000402061e4       0x4a /Users/gerhardmutz1/.platformio/packages/framework-arduinoespressif8266/tools/sdk/lib/liblwip2_1460.a(tcp_in.o)
                                         0x4e (size before relaxing)
 *fill*         0x000000004020622e        0x2 
 .text.tcp_parseopt$isra$1$part$2
                0x0000000040206230       0x8c /Users/gerhardmutz1/.platformio/packages/framework-arduinoespressif8266/tools/sdk/lib/liblwip2_1460.a(tcp_in.o)
                                         0xb3 (size before relaxing)
 *fill*         0x00000000402062bc        0x0 
 .text.tcp_input_delayed_close
                0x00000000402062bc       0x45 /Users/gerhardmutz1/.platformio/packages/framework-arduinoespressif8266/tools/sdk/lib/liblwip2_1460.a(tcp_in.o)
                                         0x59 (size before relaxing)
 *fill*         0x0000000040206301        0x3 
 .text.tcp_input
                0x0000000040206304      0xb17 /Users/gerhardmutz1/.platformio/packages/framework-arduinoespressif8266/tools/sdk/lib/liblwip2_1460.a(tcp_in.o)
                                        0xccf (size before relaxing)
                0x0000000040206318                tcp_input
 *fill*         0x0000000040206e1b        0x1 
 .text.tcp_trigger_input_pcb_close
                0x0000000040206e1c       0x10 /Users/gerhardmutz1/.platformio/packages/framework-arduinoespressif8266/tools/sdk/lib/liblwip2_1460.a(tcp_in.o)
                                         0x14 (size before relaxing)
                0x0000000040206e1c                tcp_trigger_input_pcb_close
 .text.pbuf_header
                0x0000000040206e2c       0x31 /Users/gerhardmutz1/.platformio/packages/framework-arduinoespressif8266/tools/sdk/lib/liblwip2_1460.a(pbuf.o)
                                         0x35 (size before relaxing)
                0x0000000040206e2c                pbuf_header
 *fill*         0x0000000040206e5d        0x3 
 .text.pbuf_header_force
                0x0000000040206e60       0x31 /Users/gerhardmutz1/.platformio/packages/framework-arduinoespressif8266/tools/sdk/lib/liblwip2_1460.a(pbuf.o)
                                         0x35 (size before relaxing)
                0x0000000040206e60                pbuf_header_force
 *fill*         0x0000000040206e91        0x3 
 .text.pbuf_free_LWIP2
                0x0000000040206e94       0x7c /Users/gerhardmutz1/.platformio/packages/framework-arduinoespressif8266/tools/sdk/lib/liblwip2_1460.a(pbuf.o)
                                         0x8c (size before relaxing)
                0x0000000040206e94                pbuf_free_LWIP2
 .text.pbuf_alloc_LWIP2
                0x0000000040206f10      0x15d /Users/gerhardmutz1/.platformio/packages/framework-arduinoespressif8266/tools/sdk/lib/liblwip2_1460.a(pbuf.o)
                                        0x175 (size before relaxing)
                0x0000000040206f14                pbuf_alloc_LWIP2
 *fill*         0x000000004020706d        0x3 
 .text.pbuf_realloc
                0x0000000040207070       0x6d /Users/gerhardmutz1/.platformio/packages/framework-arduinoespressif8266/tools/sdk/lib/liblwip2_1460.a(pbuf.o)
                                         0x75 (size before relaxing)
                0x0000000040207070                pbuf_realloc
 *fill*         0x00000000402070dd        0x3 
 .text.pbuf_ref_LWIP2
                0x00000000402070e0       0x29 /Users/gerhardmutz1/.platformio/packages/framework-arduinoespressif8266/tools/sdk/lib/liblwip2_1460.a(pbuf.o)
                                         0x31 (size before relaxing)
                0x00000000402070e0                pbuf_ref_LWIP2
 *fill*         0x0000000040207109        0x3 
 .text.pbuf_chain
                0x000000004020710c       0x1d /Users/gerhardmutz1/.platformio/packages/framework-arduinoespressif8266/tools/sdk/lib/liblwip2_1460.a(pbuf.o)
                                         0x29 (size before relaxing)
                0x000000004020710c                pbuf_chain
 *fill*         0x0000000040207129        0x3 
 .text.pbuf_copy
                0x000000004020712c       0xd8 /Users/gerhardmutz1/.platformio/packages/framework-arduinoespressif8266/tools/sdk/lib/liblwip2_1460.a(pbuf.o)
                                         0xdc (size before relaxing)
                0x000000004020712c                pbuf_copy
 .text.pbuf_copy_partial
                0x0000000040207204       0x91 /Users/gerhardmutz1/.platformio/packages/framework-arduinoespressif8266/tools/sdk/lib/liblwip2_1460.a(pbuf.o)
                                         0x95 (size before relaxing)
                0x0000000040207204                pbuf_copy_partial
 *fill*         0x0000000040207295        0x3 
 .text.pbuf_take
                0x0000000040207298       0x6e /Users/gerhardmutz1/.platformio/packages/framework-arduinoespressif8266/tools/sdk/lib/liblwip2_1460.a(pbuf.o)
                                         0x72 (size before relaxing)
                0x0000000040207298                pbuf_take
 *fill*         0x0000000040207306        0x2 
 .text.pbuf_take_at
                0x0000000040207308       0x74 /Users/gerhardmutz1/.platformio/packages/framework-arduinoespressif8266/tools/sdk/lib/liblwip2_1460.a(pbuf.o)
                                         0x84 (size before relaxing)
                0x0000000040207308                pbuf_take_at
 .text.pbuf_try_get_at
                0x000000004020737c       0x2e /Users/gerhardmutz1/.platformio/packages/framework-arduinoespressif8266/tools/sdk/lib/liblwip2_1460.a(pbuf.o)
                                         0x32 (size before relaxing)
                0x000000004020737c                pbuf_try_get_at
 *fill*         0x00000000402073aa        0x2 
 .text.pbuf_put_at
                0x00000000402073ac       0x2d /Users/gerhardmutz1/.platformio/packages/framework-arduinoespressif8266/tools/sdk/lib/liblwip2_1460.a(pbuf.o)
                                         0x35 (size before relaxing)
                0x00000000402073ac                pbuf_put_at
 *fill*         0x00000000402073d9        0x3 
 .text.netif_issue_reports$part$0
                0x00000000402073dc       0x2d /Users/gerhardmutz1/.platformio/packages/framework-arduinoespressif8266/tools/sdk/lib/liblwip2_1460.a(netif.o)
                                         0x39 (size before relaxing)
 *fill*         0x0000000040207409        0x3 
 .text.netif_set_ipaddr
                0x000000004020740c       0x61 /Users/gerhardmutz1/.platformio/packages/framework-arduinoespressif8266/tools/sdk/lib/liblwip2_1460.a(netif.o)
                                         0x81 (size before relaxing)
                0x000000004020740c                netif_set_ipaddr
 *fill*         0x000000004020746d        0x3 
 .text.netif_set_addr_LWIP2
                0x0000000040207470       0x51 /Users/gerhardmutz1/.platformio/packages/framework-arduinoespressif8266/tools/sdk/lib/liblwip2_1460.a(netif.o)
                                         0x59 (size before relaxing)
                0x0000000040207470                netif_set_addr_LWIP2
 *fill*         0x00000000402074c1        0x3 
 .text.netif_add_LWIP2
                0x00000000402074c4       0x96 /Users/gerhardmutz1/.platformio/packages/framework-arduinoespressif8266/tools/sdk/lib/liblwip2_1460.a(netif.o)
                                         0xae (size before relaxing)
                0x00000000402074cc                netif_add_LWIP2
 *fill*         0x000000004020755a        0x2 
 .text.netif_set_default_LWIP2
                0x000000004020755c        0x7 /Users/gerhardmutz1/.platformio/packages/framework-arduinoespressif8266/tools/sdk/lib/liblwip2_1460.a(netif.o)
                                          0xb (size before relaxing)
                0x000000004020755c                netif_set_default_LWIP2
 *fill*         0x0000000040207563        0x1 
 .text.netif_set_up_LWIP2
                0x0000000040207564       0x3b /Users/gerhardmutz1/.platformio/packages/framework-arduinoespressif8266/tools/sdk/lib/liblwip2_1460.a(netif.o)
                                         0x3f (size before relaxing)
                0x0000000040207564                netif_set_up_LWIP2
 *fill*         0x000000004020759f        0x1 
 .text.netif_set_down_LWIP2
                0x00000000402075a0       0x35 /Users/gerhardmutz1/.platformio/packages/framework-arduinoespressif8266/tools/sdk/lib/liblwip2_1460.a(netif.o)
                                         0x39 (size before relaxing)
                0x00000000402075a0                netif_set_down_LWIP2
 *fill*         0x00000000402075d5        0x3 
 .text.netif_set_link_up
                0x00000000402075d8       0x37 /Users/gerhardmutz1/.platformio/packages/framework-arduinoespressif8266/tools/sdk/lib/liblwip2_1460.a(netif.o)
                                         0x43 (size before relaxing)
                0x00000000402075d8                netif_set_link_up
 *fill*         0x000000004020760f        0x1 
 .text.lwip_htonl
                0x0000000040207610       0x23 /Users/gerhardmutz1/.platformio/packages/framework-arduinoespressif8266/tools/sdk/lib/liblwip2_1460.a(def.o)
                                         0x2b (size before relaxing)
                0x0000000040207610                lwip_htonl
 *fill*         0x0000000040207633        0x1 
 .text.udp_input
                0x0000000040207634      0x185 /Users/gerhardmutz1/.platformio/packages/framework-arduinoespressif8266/tools/sdk/lib/liblwip2_1460.a(udp.o)
                                        0x1c5 (size before relaxing)
                0x0000000040207638                udp_input
 *fill*         0x00000000402077b9        0x3 
 .text.udp_bind
                0x00000000402077bc       0xc9 /Users/gerhardmutz1/.platformio/packages/framework-arduinoespressif8266/tools/sdk/lib/liblwip2_1460.a(udp.o)
                                         0xd5 (size before relaxing)
                0x00000000402077c8                udp_bind
 *fill*         0x0000000040207885        0x3 
 .text.udp_sendto_if_src
                0x0000000040207888      0x15d /Users/gerhardmutz1/.platformio/packages/framework-arduinoespressif8266/tools/sdk/lib/liblwip2_1460.a(udp.o)
                                        0x199 (size before relaxing)
                0x0000000040207888                udp_sendto_if_src
 *fill*         0x00000000402079e5        0x3 
 .text.udp_sendto_if
                0x00000000402079e8       0x49 /Users/gerhardmutz1/.platformio/packages/framework-arduinoespressif8266/tools/sdk/lib/liblwip2_1460.a(udp.o)
                                         0x51 (size before relaxing)
                0x00000000402079e8                udp_sendto_if
 *fill*         0x0000000040207a31        0x3 
 .text.udp_sendto
                0x0000000040207a34       0x76 /Users/gerhardmutz1/.platformio/packages/framework-arduinoespressif8266/tools/sdk/lib/liblwip2_1460.a(udp.o)
                                         0x86 (size before relaxing)
                0x0000000040207a38                udp_sendto
 *fill*         0x0000000040207aaa        0x2 
 .text.udp_connect
                0x0000000040207aac       0x78 /Users/gerhardmutz1/.platformio/packages/framework-arduinoespressif8266/tools/sdk/lib/liblwip2_1460.a(udp.o)
                                         0x84 (size before relaxing)
                0x0000000040207aac                udp_connect
 .text.udp_remove
                0x0000000040207b24       0x37 /Users/gerhardmutz1/.platformio/packages/framework-arduinoespressif8266/tools/sdk/lib/liblwip2_1460.a(udp.o)
                                         0x43 (size before relaxing)
                0x0000000040207b24                udp_remove
 *fill*         0x0000000040207b5b        0x1 
 .text.udp_new  0x0000000040207b5c       0x2d /Users/gerhardmutz1/.platformio/packages/framework-arduinoespressif8266/tools/sdk/lib/liblwip2_1460.a(udp.o)
                                         0x39 (size before relaxing)
                0x0000000040207b5c                udp_new
 *fill*         0x0000000040207b89        0x3 
 .text.udp_new_ip_type
                0x0000000040207b8c        0xf /Users/gerhardmutz1/.platformio/packages/framework-arduinoespressif8266/tools/sdk/lib/liblwip2_1460.a(udp.o)
                                         0x17 (size before relaxing)
                0x0000000040207b8c                udp_new_ip_type
 *fill*         0x0000000040207b9b        0x1 
 .text.udp_netif_ip_addr_changed
                0x0000000040207b9c       0x27 /Users/gerhardmutz1/.platformio/packages/framework-arduinoespressif8266/tools/sdk/lib/liblwip2_1460.a(udp.o)
                                         0x2b (size before relaxing)
                0x0000000040207b9c                udp_netif_ip_addr_changed
 *fill*         0x0000000040207bc3        0x1 
 .text.tcp_create_segment
                0x0000000040207bc4       0xe0 /Users/gerhardmutz1/.platformio/packages/framework-arduinoespressif8266/tools/sdk/lib/liblwip2_1460.a(tcp_out.o)
                                        0x118 (size before relaxing)
 .text.tcp_output_alloc_header$constprop$1
                0x0000000040207ca4       0xc1 /Users/gerhardmutz1/.platformio/packages/framework-arduinoespressif8266/tools/sdk/lib/liblwip2_1460.a(tcp_out.o)
                                         0xe9 (size before relaxing)
 *fill*         0x0000000040207d65        0x3 
 .text.tcp_enqueue_flags
                0x0000000040207d68       0xaf /Users/gerhardmutz1/.platformio/packages/framework-arduinoespressif8266/tools/sdk/lib/liblwip2_1460.a(tcp_out.o)
                                         0xbb (size before relaxing)
                0x0000000040207d68                tcp_enqueue_flags
 *fill*         0x0000000040207e17        0x1 
 .text.tcp_send_fin
                0x0000000040207e18       0x81 /Users/gerhardmutz1/.platformio/packages/framework-arduinoespressif8266/tools/sdk/lib/liblwip2_1460.a(tcp_out.o)
                                         0x91 (size before relaxing)
                0x0000000040207e18                tcp_send_fin
 *fill*         0x0000000040207e99        0x3 
 .text.tcp_send_empty_ack
                0x0000000040207e9c       0xb6 /Users/gerhardmutz1/.platformio/packages/framework-arduinoespressif8266/tools/sdk/lib/liblwip2_1460.a(tcp_out.o)
                                         0xd6 (size before relaxing)
                0x0000000040207e9c                tcp_send_empty_ack
 *fill*         0x0000000040207f52        0x2 
 .text.tcp_output
                0x0000000040207f54      0x46b /Users/gerhardmutz1/.platformio/packages/framework-arduinoespressif8266/tools/sdk/lib/liblwip2_1460.a(tcp_out.o)
                                        0x4f3 (size before relaxing)
                0x0000000040207f58                tcp_output
 *fill*         0x00000000402083bf        0x1 
 .text.tcp_rst  0x00000000402083c0      0x101 /Users/gerhardmutz1/.platformio/packages/framework-arduinoespressif8266/tools/sdk/lib/liblwip2_1460.a(tcp_out.o)
                                        0x145 (size before relaxing)
                0x00000000402083c4                tcp_rst
 *fill*         0x00000000402084c1        0x3 
 .text.tcp_rexmit_rto
                0x00000000402084c4       0x3c /Users/gerhardmutz1/.platformio/packages/framework-arduinoespressif8266/tools/sdk/lib/liblwip2_1460.a(tcp_out.o)
                                         0x43 (size before relaxing)
                0x00000000402084c4                tcp_rexmit_rto
 *fill*         0x0000000040208500        0x0 
 .text.tcp_rexmit
                0x0000000040208500       0xad /Users/gerhardmutz1/.platformio/packages/framework-arduinoespressif8266/tools/sdk/lib/liblwip2_1460.a(tcp_out.o)
                                         0xb9 (size before relaxing)
                0x0000000040208500                tcp_rexmit
 *fill*         0x00000000402085ad        0x3 
 .text.tcp_rexmit_fast
                0x00000000402085b0       0x63 /Users/gerhardmutz1/.platformio/packages/framework-arduinoespressif8266/tools/sdk/lib/liblwip2_1460.a(tcp_out.o)
                                         0x67 (size before relaxing)
                0x00000000402085b0                tcp_rexmit_fast
 *fill*         0x0000000040208613        0x1 
 .text.tcp_keepalive
                0x0000000040208614       0x8a /Users/gerhardmutz1/.platformio/packages/framework-arduinoespressif8266/tools/sdk/lib/liblwip2_1460.a(tcp_out.o)
                                         0xb2 (size before relaxing)
                0x0000000040208614                tcp_keepalive
 *fill*         0x000000004020869e        0x2 
 .text.tcp_zero_window_probe
                0x00000000402086a0      0x15f /Users/gerhardmutz1/.platformio/packages/framework-arduinoespressif8266/tools/sdk/lib/liblwip2_1460.a(tcp_out.o)
                                        0x193 (size before relaxing)
                0x00000000402086a0                tcp_zero_window_probe
 *fill*         0x00000000402087ff        0x1 
 .text.dhcp_option_long
                0x0000000040208800       0x53 /Users/gerhardmutz1/.platformio/packages/framework-arduinoespressif8266/tools/sdk/lib/liblwip2_1460.a(dhcp.o)
                                         0x5b (size before relaxing)
 *fill*         0x0000000040208853        0x1 
 .text.dhcp_create_msg
                0x0000000040208854      0x1a3 /Users/gerhardmutz1/.platformio/packages/framework-arduinoespressif8266/tools/sdk/lib/liblwip2_1460.a(dhcp.o)
                                        0x1b7 (size before relaxing)
 *fill*         0x00000000402089f7        0x1 
 .text.dhcp_delete_msg
                0x00000000402089f8       0x25 /Users/gerhardmutz1/.platformio/packages/framework-arduinoespressif8266/tools/sdk/lib/liblwip2_1460.a(dhcp.o)
                                         0x29 (size before relaxing)
 *fill*         0x0000000040208a1d        0x3 
 .text.dhcp_inc_pcb_refcount
                0x0000000040208a20       0x73 /Users/gerhardmutz1/.platformio/packages/framework-arduinoespressif8266/tools/sdk/lib/liblwip2_1460.a(dhcp.o)
                                         0x93 (size before relaxing)
 *fill*         0x0000000040208a93        0x1 
 .text.unlikely.dhcp_bind
                0x0000000040208a94      0x117 /Users/gerhardmutz1/.platformio/packages/framework-arduinoespressif8266/tools/sdk/lib/liblwip2_1460.a(dhcp.o)
                                        0x133 (size before relaxing)
 *fill*         0x0000000040208bab        0x1 
 .text.dhcp_dec_pcb_refcount
                0x0000000040208bac       0x31 /Users/gerhardmutz1/.platformio/packages/framework-arduinoespressif8266/tools/sdk/lib/liblwip2_1460.a(dhcp.o)
                                         0x3d (size before relaxing)
 *fill*         0x0000000040208bdd        0x3 
 .text.unlikely.dhcp_handle_ack$isra$3
                0x0000000040208be0       0xec /Users/gerhardmutz1/.platformio/packages/framework-arduinoespressif8266/tools/sdk/lib/liblwip2_1460.a(dhcp.o)
                                        0x11c (size before relaxing)
 .text.dhcp_option_hostname$isra$0
                0x0000000040208ccc       0x61 /Users/gerhardmutz1/.platformio/packages/framework-arduinoespressif8266/tools/sdk/lib/liblwip2_1460.a(dhcp.o)
                                         0x6d (size before relaxing)
 *fill*         0x0000000040208d2d        0x3 
 .text.dhcp_discover
                0x0000000040208d30       0xda /Users/gerhardmutz1/.platformio/packages/framework-arduinoespressif8266/tools/sdk/lib/liblwip2_1460.a(dhcp.o)
                                        0x132 (size before relaxing)
 *fill*         0x0000000040208e0a        0x2 
 .text.dhcp_reboot
                0x0000000040208e0c       0xe8 /Users/gerhardmutz1/.platformio/packages/framework-arduinoespressif8266/tools/sdk/lib/liblwip2_1460.a(dhcp.o)
                                        0x154 (size before relaxing)
 .text.dhcp_select
                0x0000000040208ef4      0x102 /Users/gerhardmutz1/.platformio/packages/framework-arduinoespressif8266/tools/sdk/lib/liblwip2_1460.a(dhcp.o)
                                        0x18e (size before relaxing)
 *fill*         0x0000000040208ff6        0x2 
 .text.dhcp_recv
                0x0000000040208ff8      0x463 /Users/gerhardmutz1/.platformio/packages/framework-arduinoespressif8266/tools/sdk/lib/liblwip2_1460.a(dhcp.o)
                                        0x4cb (size before relaxing)
 *fill*         0x000000004020945b        0x1 
 .text.dhcp_network_changed
                0x000000004020945c       0x39 /Users/gerhardmutz1/.platformio/packages/framework-arduinoespressif8266/tools/sdk/lib/liblwip2_1460.a(dhcp.o)
                                         0x44 (size before relaxing)
                0x000000004020945c                dhcp_network_changed
 *fill*         0x0000000040209495        0x3 
 .text.dhcp_renew
                0x0000000040209498       0xdc /Users/gerhardmutz1/.platformio/packages/framework-arduinoespressif8266/tools/sdk/lib/liblwip2_1460.a(dhcp.o)
                                        0x130 (size before relaxing)
                0x000000004020949c                dhcp_renew
 .text.dhcp_stop_LWIP2
                0x0000000040209574       0x2a /Users/gerhardmutz1/.platformio/packages/framework-arduinoespressif8266/tools/sdk/lib/liblwip2_1460.a(dhcp.o)
                                         0x3a (size before relaxing)
                0x0000000040209574                dhcp_stop_LWIP2
 *fill*         0x000000004020959e        0x2 
 .text.dhcp_start_LWIP2
                0x00000000402095a0       0x7b /Users/gerhardmutz1/.platformio/packages/framework-arduinoespressif8266/tools/sdk/lib/liblwip2_1460.a(dhcp.o)
                                         0xa3 (size before relaxing)
                0x00000000402095a0                dhcp_start_LWIP2
 *fill*         0x000000004020961b        0x1 
 .text.dhcp_release_LWIP2
                0x000000004020961c       0xb8 /Users/gerhardmutz1/.platformio/packages/framework-arduinoespressif8266/tools/sdk/lib/liblwip2_1460.a(dhcp.o)
                                        0x10c (size before relaxing)
                0x000000004020961c                dhcp_release_LWIP2
 .text.dhcp_coarse_tmr
                0x00000000402096d4      0x1a6 /Users/gerhardmutz1/.platformio/packages/framework-arduinoespressif8266/tools/sdk/lib/liblwip2_1460.a(dhcp.o)
                                        0x216 (size before relaxing)
                0x00000000402096d4                dhcp_coarse_tmr
 *fill*         0x000000004020987a        0x2 
 .text.dhcp_fine_tmr
                0x000000004020987c       0x9e /Users/gerhardmutz1/.platformio/packages/framework-arduinoespressif8266/tools/sdk/lib/liblwip2_1460.a(dhcp.o)
                                         0xb2 (size before relaxing)
                0x000000004020987c                dhcp_fine_tmr
 *fill*         0x000000004020991a        0x2 
 .text.etharp_free_entry
                0x000000004020991c       0x5d /Users/gerhardmutz1/.platformio/packages/framework-arduinoespressif8266/tools/sdk/lib/liblwip2_1460.a(etharp.o)
                                         0x69 (size before relaxing)
 *fill*         0x0000000040209979        0x3 
 .text.etharp_find_entry
                0x000000004020997c       0xf6 /Users/gerhardmutz1/.platformio/packages/framework-arduinoespressif8266/tools/sdk/lib/liblwip2_1460.a(etharp.o)
                                         0xfe (size before relaxing)
 *fill*         0x0000000040209a72        0x2 
 .text.etharp_raw
                0x0000000040209a74       0xba /Users/gerhardmutz1/.platformio/packages/framework-arduinoespressif8266/tools/sdk/lib/liblwip2_1460.a(etharp.o)
                                         0xea (size before relaxing)
 *fill*         0x0000000040209b2e        0x2 
 .text.etharp_cleanup_netif
                0x0000000040209b30       0x3b /Users/gerhardmutz1/.platformio/packages/framework-arduinoespressif8266/tools/sdk/lib/liblwip2_1460.a(etharp.o)
                                         0x43 (size before relaxing)
                0x0000000040209b30                etharp_cleanup_netif
 *fill*         0x0000000040209b6b        0x1 
 .text.etharp_input
                0x0000000040209b6c      0x169 /Users/gerhardmutz1/.platformio/packages/framework-arduinoespressif8266/tools/sdk/lib/liblwip2_1460.a(etharp.o)
                                        0x1a9 (size before relaxing)
                0x0000000040209b6c                etharp_input
 *fill*         0x0000000040209cd5        0x3 
 .text.etharp_request
                0x0000000040209cd8       0x2d /Users/gerhardmutz1/.platformio/packages/framework-arduinoespressif8266/tools/sdk/lib/liblwip2_1460.a(etharp.o)
                                         0x35 (size before relaxing)
                0x0000000040209cdc                etharp_request
 *fill*         0x0000000040209d05        0x3 
 .text.etharp_tmr
                0x0000000040209d08       0x81 /Users/gerhardmutz1/.platformio/packages/framework-arduinoespressif8266/tools/sdk/lib/liblwip2_1460.a(etharp.o)
                                         0x91 (size before relaxing)
                0x0000000040209d08                etharp_tmr
 *fill*         0x0000000040209d89        0x3 
 .text.etharp_output_to_arp_index
                0x0000000040209d8c       0x93 /Users/gerhardmutz1/.platformio/packages/framework-arduinoespressif8266/tools/sdk/lib/liblwip2_1460.a(etharp.o)
                                         0xaf (size before relaxing)
 *fill*         0x0000000040209e1f        0x1 
 .text.etharp_query
                0x0000000040209e20      0x18b /Users/gerhardmutz1/.platformio/packages/framework-arduinoespressif8266/tools/sdk/lib/liblwip2_1460.a(etharp.o)
                                        0x1d7 (size before relaxing)
                0x0000000040209e24                etharp_query
 *fill*         0x0000000040209fab        0x1 
 .text.etharp_output_LWIP2
                0x0000000040209fac       0xf7 /Users/gerhardmutz1/.platformio/packages/framework-arduinoespressif8266/tools/sdk/lib/liblwip2_1460.a(etharp.o)
                                        0x127 (size before relaxing)
                0x0000000040209fb0                etharp_output_LWIP2
 *fill*         0x000000004020a0a3        0x1 
 .text.ip4addr_aton
                0x000000004020a0a4      0x169 /Users/gerhardmutz1/.platformio/packages/framework-arduinoespressif8266/tools/sdk/lib/liblwip2_1460.a(ip4_addr.o)
                                        0x175 (size before relaxing)
                0x000000004020a0a4                ip4addr_aton
 *fill*         0x000000004020a20d        0x3 
 .text.igmp_send
                0x000000004020a210       0xf1 /Users/gerhardmutz1/.platformio/packages/framework-arduinoespressif8266/tools/sdk/lib/liblwip2_1460.a(igmp.o)
                                        0x10d (size before relaxing)
 *fill*         0x000000004020a301        0x3 
 .text.igmp_delaying_member
                0x000000004020a304       0x49 /Users/gerhardmutz1/.platformio/packages/framework-arduinoespressif8266/tools/sdk/lib/liblwip2_1460.a(igmp.o)
                                         0x55 (size before relaxing)
 *fill*         0x000000004020a34d        0x3 
 .text.igmp_init
                0x000000004020a350       0x1e /Users/gerhardmutz1/.platformio/packages/framework-arduinoespressif8266/tools/sdk/lib/liblwip2_1460.a(igmp.o)
                                         0x22 (size before relaxing)
                0x000000004020a35c                igmp_init
 *fill*         0x000000004020a36e        0x2 
 .text.igmp_report_groups
                0x000000004020a370       0x26 /Users/gerhardmutz1/.platformio/packages/framework-arduinoespressif8266/tools/sdk/lib/liblwip2_1460.a(igmp.o)
                                         0x2a (size before relaxing)
                0x000000004020a370                igmp_report_groups
 *fill*         0x000000004020a396        0x2 
 .text.igmp_lookup_group
                0x000000004020a398       0x5a /Users/gerhardmutz1/.platformio/packages/framework-arduinoespressif8266/tools/sdk/lib/liblwip2_1460.a(igmp.o)
                                         0x66 (size before relaxing)
 *fill*         0x000000004020a3f2        0x2 
 .text.igmp_start
                0x000000004020a3f4       0x4d /Users/gerhardmutz1/.platformio/packages/framework-arduinoespressif8266/tools/sdk/lib/liblwip2_1460.a(igmp.o)
                                         0x59 (size before relaxing)
                0x000000004020a3f4                igmp_start
 *fill*         0x000000004020a441        0x3 
 .text.igmp_input
                0x000000004020a444       0xf4 /Users/gerhardmutz1/.platformio/packages/framework-arduinoespressif8266/tools/sdk/lib/liblwip2_1460.a(igmp.o)
                                        0x120 (size before relaxing)
                0x000000004020a444                igmp_input
 .text.igmp_tmr
                0x000000004020a538       0x65 /Users/gerhardmutz1/.platformio/packages/framework-arduinoespressif8266/tools/sdk/lib/liblwip2_1460.a(igmp.o)
                                         0x71 (size before relaxing)
                0x000000004020a538                igmp_tmr
 *fill*         0x000000004020a59d        0x3 
 .text.ip4_route
                0x000000004020a5a0       0x67 /Users/gerhardmutz1/.platformio/packages/framework-arduinoespressif8266/tools/sdk/lib/liblwip2_1460.a(ip4.o)
                                         0x6f (size before relaxing)
                0x000000004020a5a4                ip4_route
 *fill*         0x000000004020a607        0x1 
 .text.ip4_input
                0x000000004020a608      0x285 /Users/gerhardmutz1/.platformio/packages/framework-arduinoespressif8266/tools/sdk/lib/liblwip2_1460.a(ip4.o)
                                        0x301 (size before relaxing)
                0x000000004020a60c                ip4_input
 *fill*         0x000000004020a88d        0x3 
 .text.ip4_output_if_opt_src
                0x000000004020a890      0x197 /Users/gerhardmutz1/.platformio/packages/framework-arduinoespressif8266/tools/sdk/lib/liblwip2_1460.a(ip4.o)
                                        0x1c7 (size before relaxing)
                0x000000004020a894                ip4_output_if_opt_src
 *fill*         0x000000004020aa27        0x1 
 .text.ip4_output_if_opt
                0x000000004020aa28       0x33 /Users/gerhardmutz1/.platformio/packages/framework-arduinoespressif8266/tools/sdk/lib/liblwip2_1460.a(ip4.o)
                                         0x37 (size before relaxing)
                0x000000004020aa28                ip4_output_if_opt
 *fill*         0x000000004020aa5b        0x1 
 .text.ip4_output_if
                0x000000004020aa5c       0x25 /Users/gerhardmutz1/.platformio/packages/framework-arduinoespressif8266/tools/sdk/lib/liblwip2_1460.a(ip4.o)
                                         0x29 (size before relaxing)
                0x000000004020aa5c                ip4_output_if
 *fill*         0x000000004020aa81        0x3 
 .text.ip4_output_if_src
                0x000000004020aa84       0x25 /Users/gerhardmutz1/.platformio/packages/framework-arduinoespressif8266/tools/sdk/lib/liblwip2_1460.a(ip4.o)
                                         0x29 (size before relaxing)
                0x000000004020aa84                ip4_output_if_src
 *fill*         0x000000004020aaa9        0x3 
 .text.icmp_input
                0x000000004020aaac      0x1d1 /Users/gerhardmutz1/.platformio/packages/framework-arduinoespressif8266/tools/sdk/lib/liblwip2_1460.a(icmp.o)
                                        0x225 (size before relaxing)
                0x000000004020aaac                icmp_input
 *fill*         0x000000004020ac7d        0x3 
 .text.icmp_dest_unreach
                0x000000004020ac80       0xcb /Users/gerhardmutz1/.platformio/packages/framework-arduinoespressif8266/tools/sdk/lib/liblwip2_1460.a(icmp.o)
                                         0xeb (size before relaxing)
                0x000000004020ac80                icmp_dest_unreach
 *fill*         0x000000004020ad4b        0x1 
 .text.sntp_retry
                0x000000004020ad4c       0x39 /Users/gerhardmutz1/.platformio/packages/framework-arduinoespressif8266/tools/sdk/lib/liblwip2_1460.a(sntp.o)
                                         0x41 (size before relaxing)
 *fill*         0x000000004020ad85        0x3 
 .text.sntp_recv
                0x000000004020ad88       0xfa /Users/gerhardmutz1/.platformio/packages/framework-arduinoespressif8266/tools/sdk/lib/liblwip2_1460.a(sntp.o)
                                        0x155 (size before relaxing)
 *fill*         0x000000004020ae82        0x2 
 .text.sntp_send_request
                0x000000004020ae84       0x6b /Users/gerhardmutz1/.platformio/packages/framework-arduinoespressif8266/tools/sdk/lib/liblwip2_1460.a(sntp.o)
                                         0x97 (size before relaxing)
 *fill*         0x000000004020aeef        0x1 
 .text.sntp_request
                0x000000004020aef0       0x5f /Users/gerhardmutz1/.platformio/packages/framework-arduinoespressif8266/tools/sdk/lib/liblwip2_1460.a(sntp.o)
                                         0x73 (size before relaxing)
 *fill*         0x000000004020af4f        0x1 
 .text.sntp_dns_found
                0x000000004020af50       0x1a /Users/gerhardmutz1/.platformio/packages/framework-arduinoespressif8266/tools/sdk/lib/liblwip2_1460.a(sntp.o)
                                         0x29 (size before relaxing)
 *fill*         0x000000004020af6a        0x2 
 .text.sntp_init
                0x000000004020af6c       0x64 /Users/gerhardmutz1/.platformio/packages/framework-arduinoespressif8266/tools/sdk/lib/liblwip2_1460.a(sntp.o)
                                         0x93 (size before relaxing)
                0x000000004020af70                sntp_init
 *fill*         0x000000004020afd0        0x0 